Archive member included to satisfy reference by file (symbol)

c:/progra~2/armgnu~1/125863~1.3re/bin/../lib/gcc/arm-none-eabi/12.3.1/thumb/v6-m/nofp\libgcc.a(_dvmd_tls.o)
                              CMakeFiles/bhr-embedded.dir/C_/Users/oscar/.pico-sdk/sdk/1.5.1/src/rp2_common/pico_divider/divider.S.obj (__aeabi_idiv0)
c:/progra~2/armgnu~1/125863~1.3re/bin/../lib/gcc/arm-none-eabi/12.3.1/thumb/v6-m/nofp\libg.a(libc_a-calloc.o)
                              CMakeFiles/bhr-embedded.dir/C_/Users/oscar/.pico-sdk/sdk/1.5.1/src/rp2_common/pico_malloc/pico_malloc.c.obj (calloc)
c:/progra~2/armgnu~1/125863~1.3re/bin/../lib/gcc/arm-none-eabi/12.3.1/thumb/v6-m/nofp\libg.a(libc_a-callocr.o)
                              c:/progra~2/armgnu~1/125863~1.3re/bin/../lib/gcc/arm-none-eabi/12.3.1/thumb/v6-m/nofp\libg.a(libc_a-calloc.o) (_calloc_r)
c:/progra~2/armgnu~1/125863~1.3re/bin/../lib/gcc/arm-none-eabi/12.3.1/thumb/v6-m/nofp\libg.a(libc_a-malloc.o)
                              CMakeFiles/bhr-embedded.dir/C_/Users/oscar/.pico-sdk/sdk/1.5.1/src/rp2_common/pico_malloc/pico_malloc.c.obj (malloc)
c:/progra~2/armgnu~1/125863~1.3re/bin/../lib/gcc/arm-none-eabi/12.3.1/thumb/v6-m/nofp\libg.a(libc_a-mallocr.o)
                              c:/progra~2/armgnu~1/125863~1.3re/bin/../lib/gcc/arm-none-eabi/12.3.1/thumb/v6-m/nofp\libg.a(libc_a-callocr.o) (_malloc_r)
c:/progra~2/armgnu~1/125863~1.3re/bin/../lib/gcc/arm-none-eabi/12.3.1/thumb/v6-m/nofp\libg.a(libc_a-mlock.o)
                              c:/progra~2/armgnu~1/125863~1.3re/bin/../lib/gcc/arm-none-eabi/12.3.1/thumb/v6-m/nofp\libg.a(libc_a-mallocr.o) (__malloc_lock)
c:/progra~2/armgnu~1/125863~1.3re/bin/../lib/gcc/arm-none-eabi/12.3.1/thumb/v6-m/nofp\libg.a(libc_a-realloc.o)
                              CMakeFiles/bhr-embedded.dir/C_/Users/oscar/.pico-sdk/sdk/1.5.1/src/rp2_common/pico_malloc/pico_malloc.c.obj (realloc)
c:/progra~2/armgnu~1/125863~1.3re/bin/../lib/gcc/arm-none-eabi/12.3.1/thumb/v6-m/nofp\libg.a(libc_a-reallocr.o)
                              c:/progra~2/armgnu~1/125863~1.3re/bin/../lib/gcc/arm-none-eabi/12.3.1/thumb/v6-m/nofp\libg.a(libc_a-realloc.o) (_realloc_r)
c:/progra~2/armgnu~1/125863~1.3re/bin/../lib/gcc/arm-none-eabi/12.3.1/thumb/v6-m/nofp\libg.a(libc_a-memmove.o)
                              c:/progra~2/armgnu~1/125863~1.3re/bin/../lib/gcc/arm-none-eabi/12.3.1/thumb/v6-m/nofp\libg.a(libc_a-reallocr.o) (memmove)
c:/progra~2/armgnu~1/125863~1.3re/bin/../lib/gcc/arm-none-eabi/12.3.1/thumb/v6-m/nofp\libg.a(libc_a-impure.o)
                              c:/progra~2/armgnu~1/125863~1.3re/bin/../lib/gcc/arm-none-eabi/12.3.1/thumb/v6-m/nofp\libg.a(libc_a-calloc.o) (_impure_ptr)
c:/progra~2/armgnu~1/125863~1.3re/bin/../lib/gcc/arm-none-eabi/12.3.1/thumb/v6-m/nofp\libg.a(libc_a-sbrkr.o)
                              c:/progra~2/armgnu~1/125863~1.3re/bin/../lib/gcc/arm-none-eabi/12.3.1/thumb/v6-m/nofp\libg.a(libc_a-mallocr.o) (_sbrk_r)
c:/progra~2/armgnu~1/125863~1.3re/bin/../lib/gcc/arm-none-eabi/12.3.1/thumb/v6-m/nofp\libg.a(libc_a-errno.o)
                              c:/progra~2/armgnu~1/125863~1.3re/bin/../lib/gcc/arm-none-eabi/12.3.1/thumb/v6-m/nofp\libg.a(libc_a-callocr.o) (__errno)
c:/progra~2/armgnu~1/125863~1.3re/bin/../lib/gcc/arm-none-eabi/12.3.1/thumb/v6-m/nofp\libg.a(libc_a-init.o)
                              c:/progra~2/armgnu~1/125863~1.3re/bin/../lib/gcc/arm-none-eabi/12.3.1/thumb/v6-m/nofp/crt0.o (__libc_init_array)
c:/progra~2/armgnu~1/125863~1.3re/bin/../lib/gcc/arm-none-eabi/12.3.1/thumb/v6-m/nofp\libg.a(libc_a-lock.o)
                              c:/progra~2/armgnu~1/125863~1.3re/bin/../lib/gcc/arm-none-eabi/12.3.1/thumb/v6-m/nofp\libg.a(libc_a-mlock.o) (__retarget_lock_acquire_recursive)
c:/progra~2/armgnu~1/125863~1.3re/bin/../lib/gcc/arm-none-eabi/12.3.1/thumb/v6-m/nofp\libg.a(libc_a-sysconf.o)
                              c:/progra~2/armgnu~1/125863~1.3re/bin/../lib/gcc/arm-none-eabi/12.3.1/thumb/v6-m/nofp\libg.a(libc_a-mallocr.o) (sysconf)
c:/progra~2/armgnu~1/125863~1.3re/bin/../lib/gcc/arm-none-eabi/12.3.1/thumb/v6-m/nofp\libg.a(libc_a-strlen-stub.o)
                              CMakeFiles/bhr-embedded.dir/C_/Users/oscar/.pico-sdk/sdk/1.5.1/src/rp2_common/pico_stdio/stdio.c.obj (strlen)
c:/progra~2/armgnu~1/125863~1.3re/bin/../lib/gcc/arm-none-eabi/12.3.1/thumb/v6-m/nofp\libg.a(libc_a-freer.o)
                              c:/progra~2/armgnu~1/125863~1.3re/bin/../lib/gcc/arm-none-eabi/12.3.1/thumb/v6-m/nofp\libg.a(libc_a-malloc.o) (_free_r)
c:/progra~2/armgnu~1/125863~1.3re/bin/../lib/gcc/arm-none-eabi/12.3.1/thumb/v6-m/nofp\libg.a(libc_a-findfp.o)
                              c:/progra~2/armgnu~1/125863~1.3re/bin/../lib/gcc/arm-none-eabi/12.3.1/thumb/v6-m/nofp\libg.a(libc_a-impure.o) (__sf)
c:/progra~2/armgnu~1/125863~1.3re/bin/../lib/gcc/arm-none-eabi/12.3.1/thumb/v6-m/nofp\libg.a(libc_a-fwalk.o)
[...]
Memory Configuration

Name             Origin             Length             Attributes
FLASH            0x10000000         0x00200000         xr
RAM              0x20000000         0x00040000         xrw
SCRATCH_X        0x20040000         0x00001000         xrw
SCRATCH_Y        0x20041000         0x00001000         xrw
*default*        0x00000000         0xffffffff

Linker script and memory map

LOAD c:/progra~2/armgnu~1/125863~1.3re/bin/../lib/gcc/arm-none-eabi/12.3.1/thumb/v6-m/nofp/crti.o
LOAD c:/progra~2/armgnu~1/125863~1.3re/bin/../lib/gcc/arm-none-eabi/12.3.1/thumb/v6-m/nofp/crtbegin.o
LOAD c:/progra~2/armgnu~1/125863~1.3re/bin/../lib/gcc/arm-none-eabi/12.3.1/thumb/v6-m/nofp/crt0.o

.flash_begin    0x10000000        0x0
                0x10000000                        __flash_binary_start = .

.boot2          0x10000000      0x100
                0x10000000                        __boot2_start__ = .
 *(.boot2)
 .boot2         0x10000000      0x100 C:\Users\oscar\AppData\Local\Temp\ccWzrOMi.o
                0x10000100                        __boot2_end__ = .
                0x00000001                        ASSERT (((__boot2_end__ - __boot2_start__) == 0x100), ERROR: Pico second stage bootloader must be 256 bytes in size)

.text           0x10000100     0x4cc0
                0x10000100                        __logical_binary_start = .
 *(.vectors)
 .vectors       0x10000100       0xd4 CMakeFiles/bhr-embedded.dir/C_/Users/oscar/.pico-sdk/sdk/1.5.1/src/rp2_common/pico_standard_link/crt0.S.obj
                0x10000100                __VECTOR_TABLE
                0x10000100                __vectors
                0x100001c0                isr_invalid
                0x100001c0                __default_isrs_start
                0x100001c2                isr_nmi
                0x100001c4                isr_hardfault
                0x100001c6                isr_svcall
                0x100001c8                isr_pendsv
                0x100001ca                isr_systick
                0x100001cc                isr_irq23
                0x100001cc                isr_irq18
                0x100001cc                isr_irq11
                0x100001cc                isr_irq28
                0x100001cc                isr_irq19
                0x100001cc                isr_irq0
                0x100001cc                isr_irq6
                0x100001cc                isr_irq5
                0x100001cc                isr_irq12
                0x100001cc                isr_irq22
                0x100001cc                isr_irq31
                0x100001cc                isr_irq17
                0x100001cc                isr_irq27
                0x100001cc                isr_irq30
                0x100001cc                isr_irq2
                0x100001cc                isr_irq10
                0x100001cc                isr_irq8
                0x100001cc                isr_irq24
                0x100001cc                isr_irq1
                0x100001cc                isr_irq7
                0x100001cc                isr_irq21
                0x100001cc                isr_irq20
                0x100001cc                isr_irq15
                0x100001cc                isr_irq25
                0x100001cc                isr_irq13
                0x100001cc                __unhandled_user_irq
                0x100001cc                isr_irq4
                0x100001cc                isr_irq16
                0x100001cc                isr_irq29
                0x100001cc                isr_irq26
                0x100001cc                __default_isrs_end
                0x100001cc                isr_irq3
                0x100001cc                isr_irq14
                0x100001cc                isr_irq9
                0x100001d2                unhandled_user_irq_num_in_r0
 *(.binary_info_header)
 .binary_info_header
                0x100001d4       0x14 CMakeFiles/bhr-embedded.dir/C_/Users/oscar/.pico-sdk/sdk/1.5.1/src/rp2_common/pico_standard_link/crt0.S.obj
                0x100001e8                        __binary_info_header_end = .
 *(.reset)
 .reset         0x100001e8       0xa0 CMakeFiles/bhr-embedded.dir/C_/Users/oscar/.pico-sdk/sdk/1.5.1/src/rp2_common/pico_standard_link/crt0.S.obj
                0x100001e8                _entry_point
 .reset         0x10000288       0x30 CMakeFiles/bhr-embedded.dir/C_/Users/oscar/.pico-sdk/sdk/1.5.1/src/rp2_common/pico_standard_link/binary_info.c.obj
 *(.init)
 .init          0x100002b8        0x4 c:/progra~2/armgnu~1/125863~1.3re/bin/../lib/gcc/arm-none-eabi/12.3.1/thumb/v6-m/nofp/crti.o
                0x100002b8                _init
 *(EXCLUDE_FILE(*libm.a: *libc.a:*lib_a-mem*.o *libgcc.a:) .text*)
 .text.register_tm_clones
                0x100002bc       0x28 c:/progra~2/armgnu~1/125863~1.3re/bin/../lib/gcc/arm-none-eabi/12.3.1/thumb/v6-m/nofp/crtbegin.o
 .text.frame_dummy
                0x100002e4       0x24 c:/progra~2/armgnu~1/125863~1.3re/bin/../lib/gcc/arm-none-eabi/12.3.1/thumb/v6-m/nofp/crtbegin.o
 .text._Z14alarm_callbacklPv
                0x10000308        0x6 CMakeFiles/bhr-embedded.dir/bhr-embedded.cpp.obj
                0x10000308                alarm_callback(long, void*)
 *fill*         0x1000030e        0x2 
 .text._ZL20update_us_since_bootP15absolute_time_ty
                0x10000310       0x24 CMakeFiles/bhr-embedded.dir/bhr-embedded.cpp.obj
 .text.get_absolute_time
                0x10000334       0x16 CMakeFiles/bhr-embedded.dir/bhr-embedded.cpp.obj
 *fill*         0x1000034a        0x2 
 .text.delayed_by_ms
                0x1000034c       0x38 CMakeFiles/bhr-embedded.dir/bhr-embedded.cpp.obj
 .text.alarm_pool_add_alarm_in_ms
                0x10000384       0x3e CMakeFiles/bhr-embedded.dir/bhr-embedded.cpp.obj
 .text.add_alarm_in_ms
                0x100003c2       0x20 CMakeFiles/bhr-embedded.dir/bhr-embedded.cpp.obj
 *fill*         0x100003e2        0x2 
 .text._Z18blink_program_initP8pio_hw_tjjj
                0x100003e4       0x78 CMakeFiles/bhr-embedded.dir/bhr-embedded.cpp.obj
                0x100003e4                blink_program_init(pio_hw_t*, unsigned int, unsigned int, unsigned int)
 .text._Z17blink_pin_foreverP8pio_hw_tjjjj
                0x1000045c       0x3c CMakeFiles/bhr-embedded.dir/bhr-embedded.cpp.obj
                0x1000045c                blink_pin_forever(pio_hw_t*, unsigned int, unsigned int, unsigned int, unsigned int)
 .text.main     0x10000498      0x118 CMakeFiles/bhr-embedded.dir/bhr-embedded.cpp.obj
                0x10000498                main
 .text.gpio_set_function
                0x100005b0       0x30 CMakeFiles/bhr-embedded.dir/C_/Users/oscar/.pico-sdk/sdk/1.5.1/src/rp2_common/hardware_gpio/gpio.c.obj
                0x100005b0                gpio_set_function
 .text.gpio_set_pulls
                0x100005e0       0x34 CMakeFiles/bhr-embedded.dir/C_/Users/oscar/.pico-sdk/sdk/1.5.1/src/rp2_common/hardware_gpio/gpio.c.obj
                0x100005e0                gpio_set_pulls
 .text.running_on_fpga
                0x10000614       0x14 CMakeFiles/bhr-embedded.dir/C_/Users/oscar/.pico-sdk/sdk/1.5.1/src/rp2_common/pico_platform/platform.c.obj
                0x10000614                running_on_fpga
 .text.hw_claim_lock
                0x10000628       0x18 CMakeFiles/bhr-embedded.dir/C_/Users/oscar/.pico-sdk/sdk/1.5.1/src/rp2_common/hardware_claim/claim.c.obj
                0x10000628                hw_claim_lock
 .text.hw_claim_unlock
                0x10000640       0x14 CMakeFiles/bhr-embedded.dir/C_/Users/oscar/.pico-sdk/sdk/1.5.1/src/rp2_common/hardware_claim/claim.c.obj
                0x10000640                hw_claim_unlock
 .text.hw_claim_or_assert
                0x10000654       0x32 CMakeFiles/bhr-embedded.dir/C_/Users/oscar/.pico-sdk/sdk/1.5.1/src/rp2_common/hardware_claim/claim.c.obj
                0x10000654                hw_claim_or_assert
 *fill*         0x10000686        0x2 
 .text.spin_locks_reset
                0x10000688       0x20 CMakeFiles/bhr-embedded.dir/C_/Users/oscar/.pico-sdk/sdk/1.5.1/src/rp2_common/hardware_sync/sync.c.obj
                0x10000688                spin_locks_reset
 .text.next_striped_spin_lock_num
                0x100006a8       0x1c CMakeFiles/bhr-embedded.dir/C_/Users/oscar/.pico-sdk/sdk/1.5.1/src/rp2_common/hardware_sync/sync.c.obj
                0x100006a8                next_striped_spin_lock_num
 .text.set_raw_irq_handler_and_unlock
                0x100006c4       0x28 CMakeFiles/bhr-embedded.dir/C_/Users/oscar/.pico-sdk/sdk/1.5.1/src/rp2_common/hardware_irq/irq.c.obj
 .text.resolve_branch
                0x100006ec       0x30 CMakeFiles/bhr-embedded.dir/C_/Users/oscar/.pico-sdk/sdk/1.5.1/src/rp2_common/hardware_irq/irq.c.obj
 .text.make_branch
                0x1000071c       0x48 CMakeFiles/bhr-embedded.dir/C_/Users/oscar/.pico-sdk/sdk/1.5.1/src/rp2_common/hardware_irq/irq.c.obj
 .text.insert_branch_and_link
                0x10000764       0x40 CMakeFiles/bhr-embedded.dir/C_/Users/oscar/.pico-sdk/sdk/1.5.1/src/rp2_common/hardware_irq/irq.c.obj
 .text.irq_is_enabled
                0x100007a4       0x18 CMakeFiles/bhr-embedded.dir/C_/Users/oscar/.pico-sdk/sdk/1.5.1/src/rp2_common/hardware_irq/irq.c.obj
                0x100007a4                irq_is_enabled
 .text.irq_set_mask_enabled
                0x100007bc       0x20 CMakeFiles/bhr-embedded.dir/C_/Users/oscar/.pico-sdk/sdk/1.5.1/src/rp2_common/hardware_irq/irq.c.obj
                0x100007bc                irq_set_mask_enabled
 .text.irq_set_enabled
                0x100007dc        0xe CMakeFiles/bhr-embedded.dir/C_/Users/oscar/.pico-sdk/sdk/1.5.1/src/rp2_common/hardware_irq/irq.c.obj
                0x100007dc                irq_set_enabled
 *fill*         0x100007ea        0x2 
 .text.irq_get_vtable_handler
                0x100007ec       0x10 CMakeFiles/bhr-embedded.dir/C_/Users/oscar/.pico-sdk/sdk/1.5.1/src/rp2_common/hardware_irq/irq.c.obj
                0x100007ec                irq_get_vtable_handler
 .text.irq_set_exclusive_handler
                0x100007fc       0x54 CMakeFiles/bhr-embedded.dir/C_/Users/oscar/.pico-sdk/sdk/1.5.1/src/rp2_common/hardware_irq/irq.c.obj
                0x100007fc                irq_set_exclusive_handler
 .text.irq_remove_handler
                0x10000850      0x188 CMakeFiles/bhr-embedded.dir/C_/Users/oscar/.pico-sdk/sdk/1.5.1/src/rp2_common/hardware_irq/irq.c.obj
                0x10000850                irq_remove_handler
 .text.irq_add_tail_to_free_list
                0x100009d8       0xf0 CMakeFiles/bhr-embedded.dir/C_/Users/oscar/.pico-sdk/sdk/1.5.1/src/rp2_common/hardware_irq/irq.c.obj
                0x100009d8                irq_add_tail_to_free_list
 .text.irq_init_priorities
                0x10000ac8       0x1c CMakeFiles/bhr-embedded.dir/C_/Users/oscar/.pico-sdk/sdk/1.5.1/src/rp2_common/hardware_irq/irq.c.obj
                0x10000ac8                irq_init_priorities
 .text.lock_init
                0x10000ae4       0x10 CMakeFiles/bhr-embedded.dir/C_/Users/oscar/.pico-sdk/sdk/1.5.1/src/common/pico_sync/lock_core.c.obj
                0x10000ae4                lock_init
 .text.mutex_init
                0x10000af4       0x1a CMakeFiles/bhr-embedded.dir/C_/Users/oscar/.pico-sdk/sdk/1.5.1/src/common/pico_sync/mutex.c.obj
                0x10000af4                mutex_init
 .text.recursive_mutex_init
                0x10000b0e       0x1e CMakeFiles/bhr-embedded.dir/C_/Users/oscar/.pico-sdk/sdk/1.5.1/src/common/pico_sync/mutex.c.obj
                0x10000b0e                recursive_mutex_init
 .text.time_reached
                0x10000b2c       0x28 CMakeFiles/bhr-embedded.dir/C_/Users/oscar/.pico-sdk/sdk/1.5.1/src/common/pico_time/time.c.obj
 .text.get_entry
                0x10000b54       0x38 CMakeFiles/bhr-embedded.dir/C_/Users/oscar/.pico-sdk/sdk/1.5.1/src/common/pico_time/time.c.obj
 .text.timer_pool_entry_comparator
                0x10000b8c       0x2e CMakeFiles/bhr-embedded.dir/C_/Users/oscar/.pico-sdk/sdk/1.5.1/src/common/pico_time/time.c.obj
                0x10000b8c                timer_pool_entry_comparator
 *fill*         0x10000bba        0x2 
 .text.update_us_since_boot
                0x10000bbc       0x24 CMakeFiles/bhr-embedded.dir/C_/Users/oscar/.pico-sdk/sdk/1.5.1/src/common/pico_time/time.c.obj
 .text.delayed_by_us
                0x10000be0       0x34 CMakeFiles/bhr-embedded.dir/C_/Users/oscar/.pico-sdk/sdk/1.5.1/src/common/pico_time/time.c.obj
 .text.ph_get_node
                0x10000c14       0x30 CMakeFiles/bhr-embedded.dir/C_/Users/oscar/.pico-sdk/sdk/1.5.1/src/common/pico_time/time.c.obj
 .text.ph_contains_node
                0x10000c44       0x1e CMakeFiles/bhr-embedded.dir/C_/Users/oscar/.pico-sdk/sdk/1.5.1/src/common/pico_time/time.c.obj
 .text.ph_new_node
                0x10000c62       0x28 CMakeFiles/bhr-embedded.dir/C_/Users/oscar/.pico-sdk/sdk/1.5.1/src/common/pico_time/time.c.obj
 *fill*         0x10000c8a        0x2 
 .text.ph_add_child_node
                0x10000c8c       0x6c CMakeFiles/bhr-embedded.dir/C_/Users/oscar/.pico-sdk/sdk/1.5.1/src/common/pico_time/time.c.obj
 .text.ph_merge_nodes
                0x10000cf8       0x3e CMakeFiles/bhr-embedded.dir/C_/Users/oscar/.pico-sdk/sdk/1.5.1/src/common/pico_time/time.c.obj
 *fill*         0x10000d36        0x2 
 .text.ph_insert_node
                0x10000d38       0x3c CMakeFiles/bhr-embedded.dir/C_/Users/oscar/.pico-sdk/sdk/1.5.1/src/common/pico_time/time.c.obj
 .text.ph_free_node
                0x10000d74       0x5c CMakeFiles/bhr-embedded.dir/C_/Users/oscar/.pico-sdk/sdk/1.5.1/src/common/pico_time/time.c.obj
 .text.get_entry_id_high
                0x10000dd0       0x30 CMakeFiles/bhr-embedded.dir/C_/Users/oscar/.pico-sdk/sdk/1.5.1/src/common/pico_time/time.c.obj
 .text.alarm_pool_post_alloc_init
                0x10000e00       0x40 CMakeFiles/bhr-embedded.dir/C_/Users/oscar/.pico-sdk/sdk/1.5.1/src/common/pico_time/time.c.obj
 .text.sleep_until_callback
                0x10000e40       0x30 CMakeFiles/bhr-embedded.dir/C_/Users/oscar/.pico-sdk/sdk/1.5.1/src/common/pico_time/time.c.obj
 .text.get_absolute_time
                0x10000e70       0x22 CMakeFiles/bhr-embedded.dir/C_/Users/oscar/.pico-sdk/sdk/1.5.1/src/common/pico_time/time.c.obj
 .text.make_timeout_time_us
                0x10000e92       0x24 CMakeFiles/bhr-embedded.dir/C_/Users/oscar/.pico-sdk/sdk/1.5.1/src/common/pico_time/time.c.obj
 *fill*         0x10000eb6        0x2 
 .text.add_alarm_under_lock
                0x10000eb8       0x94 CMakeFiles/bhr-embedded.dir/C_/Users/oscar/.pico-sdk/sdk/1.5.1/src/common/pico_time/time.c.obj
 .text.alarm_pool_alarm_callback
                0x10000f4c      0x210 CMakeFiles/bhr-embedded.dir/C_/Users/oscar/.pico-sdk/sdk/1.5.1/src/common/pico_time/time.c.obj
 .text.alarm_pool_init_default
                0x1000115c       0x40 CMakeFiles/bhr-embedded.dir/C_/Users/oscar/.pico-sdk/sdk/1.5.1/src/common/pico_time/time.c.obj
                0x1000115c                alarm_pool_init_default
 .text.alarm_pool_get_default
                0x1000119c       0x2c CMakeFiles/bhr-embedded.dir/C_/Users/oscar/.pico-sdk/sdk/1.5.1/src/common/pico_time/time.c.obj
                0x1000119c                alarm_pool_get_default
 .text.alarm_pool_add_alarm_at
                0x100011c8      0x10e CMakeFiles/bhr-embedded.dir/C_/Users/oscar/.pico-sdk/sdk/1.5.1/src/common/pico_time/time.c.obj
                0x100011c8                alarm_pool_add_alarm_at
 .text.add_alarm_at
                0x100012d6       0x2e CMakeFiles/bhr-embedded.dir/C_/Users/oscar/.pico-sdk/sdk/1.5.1/src/common/pico_time/time.c.obj
 .text.alarm_pool_cancel_alarm
                0x10001304       0xa8 CMakeFiles/bhr-embedded.dir/C_/Users/oscar/.pico-sdk/sdk/1.5.1/src/common/pico_time/time.c.obj
                0x10001304                alarm_pool_cancel_alarm
 .text.cancel_alarm
                0x100013ac       0x10 CMakeFiles/bhr-embedded.dir/C_/Users/oscar/.pico-sdk/sdk/1.5.1/src/common/pico_time/time.c.obj
 .text.sleep_until
                0x100013bc       0xb0 CMakeFiles/bhr-embedded.dir/C_/Users/oscar/.pico-sdk/sdk/1.5.1/src/common/pico_time/time.c.obj
                0x100013bc                sleep_until
 .text.sleep_us
                0x1000146c       0x1a CMakeFiles/bhr-embedded.dir/C_/Users/oscar/.pico-sdk/sdk/1.5.1/src/common/pico_time/time.c.obj
                0x1000146c                sleep_us
 .text.sleep_ms
                0x10001486       0x14 CMakeFiles/bhr-embedded.dir/C_/Users/oscar/.pico-sdk/sdk/1.5.1/src/common/pico_time/time.c.obj
                0x10001486                sleep_ms
 *fill*         0x1000149a        0x2 
 .text.best_effort_wfe_or_timeout
                0x1000149c       0x44 CMakeFiles/bhr-embedded.dir/C_/Users/oscar/.pico-sdk/sdk/1.5.1/src/common/pico_time/time.c.obj
                0x1000149c                best_effort_wfe_or_timeout
 .text.update_us_since_boot
                0x100014e0       0x24 CMakeFiles/bhr-embedded.dir/C_/Users/oscar/.pico-sdk/sdk/1.5.1/src/rp2_common/hardware_timer/timer.c.obj
 .text.hardware_alarm_irq_handler
                0x10001504       0x8c CMakeFiles/bhr-embedded.dir/C_/Users/oscar/.pico-sdk/sdk/1.5.1/src/rp2_common/hardware_timer/timer.c.obj
 .text.hardware_alarm_claim
                0x10001590       0x18 CMakeFiles/bhr-embedded.dir/C_/Users/oscar/.pico-sdk/sdk/1.5.1/src/rp2_common/hardware_timer/timer.c.obj
                0x10001590                hardware_alarm_claim
 .text.time_us_64
                0x100015a8       0x18 CMakeFiles/bhr-embedded.dir/C_/Users/oscar/.pico-sdk/sdk/1.5.1/src/rp2_common/hardware_timer/timer.c.obj
                0x100015a8                time_us_64
 .text.busy_wait_until
                0x100015c0       0x28 CMakeFiles/bhr-embedded.dir/C_/Users/oscar/.pico-sdk/sdk/1.5.1/src/rp2_common/hardware_timer/timer.c.obj
                0x100015c0                busy_wait_until
 .text.busy_wait_us
                0x100015e8       0x3a CMakeFiles/bhr-embedded.dir/C_/Users/oscar/.pico-sdk/sdk/1.5.1/src/rp2_common/hardware_timer/timer.c.obj
                0x100015e8                busy_wait_us
 *fill*         0x10001622        0x2 
 .text.hardware_alarm_set_callback
                0x10001624       0x90 CMakeFiles/bhr-embedded.dir/C_/Users/oscar/.pico-sdk/sdk/1.5.1/src/rp2_common/hardware_timer/timer.c.obj
                0x10001624                hardware_alarm_set_callback
 .text.hardware_alarm_set_target
                0x100016b4       0xe8 CMakeFiles/bhr-embedded.dir/C_/Users/oscar/.pico-sdk/sdk/1.5.1/src/rp2_common/hardware_timer/timer.c.obj
                0x100016b4                hardware_alarm_set_target
 .text.hardware_alarm_cancel
                0x1000179c       0x40 CMakeFiles/bhr-embedded.dir/C_/Users/oscar/.pico-sdk/sdk/1.5.1/src/rp2_common/hardware_timer/timer.c.obj
                0x1000179c                hardware_alarm_cancel
 .text.ph_get_node
                0x100017dc       0x30 CMakeFiles/bhr-embedded.dir/C_/Users/oscar/.pico-sdk/sdk/1.5.1/src/common/pico_util/pheap.c.obj
 .text.ph_add_child_node
                0x1000180c       0x6c CMakeFiles/bhr-embedded.dir/C_/Users/oscar/.pico-sdk/sdk/1.5.1/src/common/pico_util/pheap.c.obj
 .text.ph_merge_nodes
                0x10001878       0x3e CMakeFiles/bhr-embedded.dir/C_/Users/oscar/.pico-sdk/sdk/1.5.1/src/common/pico_util/pheap.c.obj
 .text.ph_clear
                0x100018b6       0x34 CMakeFiles/bhr-embedded.dir/C_/Users/oscar/.pico-sdk/sdk/1.5.1/src/common/pico_util/pheap.c.obj
                0x100018b6                ph_clear
 .text.ph_post_alloc_init
                0x100018ea        0xe CMakeFiles/bhr-embedded.dir/C_/Users/oscar/.pico-sdk/sdk/1.5.1/src/common/pico_util/pheap.c.obj
                0x100018ea                ph_post_alloc_init
 .text.ph_merge_two_pass
                0x100018f8       0x5c CMakeFiles/bhr-embedded.dir/C_/Users/oscar/.pico-sdk/sdk/1.5.1/src/common/pico_util/pheap.c.obj
                0x100018f8                ph_merge_two_pass
 .text.ph_remove_any_head
                0x10001954       0xc0 CMakeFiles/bhr-embedded.dir/C_/Users/oscar/.pico-sdk/sdk/1.5.1/src/common/pico_util/pheap.c.obj
 .text.ph_remove_head
                0x10001a14       0x14 CMakeFiles/bhr-embedded.dir/C_/Users/oscar/.pico-sdk/sdk/1.5.1/src/common/pico_util/pheap.c.obj
                0x10001a14                ph_remove_head
 .text.ph_remove_and_free_node
                0x10001a28       0xa0 CMakeFiles/bhr-embedded.dir/C_/Users/oscar/.pico-sdk/sdk/1.5.1/src/common/pico_util/pheap.c.obj
                0x10001a28                ph_remove_and_free_node
 .text.uart_disable_before_lcr_write
                0x10001ac8       0x48 CMakeFiles/bhr-embedded.dir/C_/Users/oscar/.pico-sdk/sdk/1.5.1/src/rp2_common/hardware_uart/uart.c.obj
 .text.uart_write_lcr_bits_masked
                0x10001b10       0x22 CMakeFiles/bhr-embedded.dir/C_/Users/oscar/.pico-sdk/sdk/1.5.1/src/rp2_common/hardware_uart/uart.c.obj
 *fill*         0x10001b32        0x2 
 .text.uart_set_baudrate
                0x10001b34       0x5c CMakeFiles/bhr-embedded.dir/C_/Users/oscar/.pico-sdk/sdk/1.5.1/src/rp2_common/hardware_uart/uart.c.obj
                0x10001b34                uart_set_baudrate
 .text.uart_set_format
                0x10001b90       0x2c CMakeFiles/bhr-embedded.dir/C_/Users/oscar/.pico-sdk/sdk/1.5.1/src/rp2_common/hardware_uart/uart.c.obj
                0x10001b90                uart_set_format
 .text.uart_set_translate_crlf
                0x10001bbc       0x28 CMakeFiles/bhr-embedded.dir/C_/Users/oscar/.pico-sdk/sdk/1.5.1/src/rp2_common/hardware_uart/uart.c.obj
                0x10001bbc                uart_set_translate_crlf
 .text.uart_init
                0x10001be4       0x80 CMakeFiles/bhr-embedded.dir/C_/Users/oscar/.pico-sdk/sdk/1.5.1/src/rp2_common/hardware_uart/uart.c.obj
                0x10001be4                uart_init
 .text.clock_configure
                0x10001c64      0x108 CMakeFiles/bhr-embedded.dir/C_/Users/oscar/.pico-sdk/sdk/1.5.1/src/rp2_common/hardware_clocks/clocks.c.obj
                0x10001c64                clock_configure
 .text.clocks_init
                0x10001d6c      0x100 CMakeFiles/bhr-embedded.dir/C_/Users/oscar/.pico-sdk/sdk/1.5.1/src/rp2_common/hardware_clocks/clocks.c.obj
                0x10001d6c                clocks_init
 .text.clock_get_hz
                0x10001e6c        0xc CMakeFiles/bhr-embedded.dir/C_/Users/oscar/.pico-sdk/sdk/1.5.1/src/rp2_common/hardware_clocks/clocks.c.obj
                0x10001e6c                clock_get_hz
 .text.pll_init
                0x10001e78      0x120 CMakeFiles/bhr-embedded.dir/C_/Users/oscar/.pico-sdk/sdk/1.5.1/src/rp2_common/hardware_pll/pll.c.obj
                0x10001e78                pll_init
 .text.watchdog_start_tick
                0x10001f98       0x10 CMakeFiles/bhr-embedded.dir/C_/Users/oscar/.pico-sdk/sdk/1.5.1/src/rp2_common/hardware_watchdog/watchdog.c.obj
                0x10001f98                watchdog_start_tick
 .text.watchdog_update
                0x10001fa8       0x14 CMakeFiles/bhr-embedded.dir/C_/Users/oscar/.pico-sdk/sdk/1.5.1/src/rp2_common/hardware_watchdog/watchdog.c.obj
                0x10001fa8                watchdog_update
 .text._watchdog_enable
                0x10001fbc       0x78 CMakeFiles/bhr-embedded.dir/C_/Users/oscar/.pico-sdk/sdk/1.5.1/src/rp2_common/hardware_watchdog/watchdog.c.obj
                0x10001fbc                _watchdog_enable
 .text.watchdog_enable
                0x10002034       0x18 CMakeFiles/bhr-embedded.dir/C_/Users/oscar/.pico-sdk/sdk/1.5.1/src/rp2_common/hardware_watchdog/watchdog.c.obj
                0x10002034                watchdog_enable
 .text.watchdog_caused_reboot
                0x1000204c       0x10 CMakeFiles/bhr-embedded.dir/C_/Users/oscar/.pico-sdk/sdk/1.5.1/src/rp2_common/hardware_watchdog/watchdog.c.obj
                0x1000204c                watchdog_caused_reboot
 .text.xosc_init
                0x1000205c       0x28 CMakeFiles/bhr-embedded.dir/C_/Users/oscar/.pico-sdk/sdk/1.5.1/src/rp2_common/hardware_xosc/xosc.c.obj
                0x1000205c                xosc_init
 .text._exit    0x10002084        0x4 CMakeFiles/bhr-embedded.dir/C_/Users/oscar/.pico-sdk/sdk/1.5.1/src/rp2_common/pico_runtime/runtime.c.obj
                0x10002084                _exit
 .text.exit     0x10002088        0x6 CMakeFiles/bhr-embedded.dir/C_/Users/oscar/.pico-sdk/sdk/1.5.1/src/rp2_common/pico_runtime/runtime.c.obj
                0x10002088                exit
 *fill*         0x1000208e        0x2 
 .text.__assert_func
                0x10002090       0x38 CMakeFiles/bhr-embedded.dir/C_/Users/oscar/.pico-sdk/sdk/1.5.1/src/rp2_common/pico_runtime/runtime.c.obj
                0x10002090                __assert_func
 .text.runtime_init
                0x100020c8       0xf8 CMakeFiles/bhr-embedded.dir/C_/Users/oscar/.pico-sdk/sdk/1.5.1/src/rp2_common/pico_runtime/runtime.c.obj
                0x100020c8                runtime_init
 .text.panic    0x100021c0       0x30 CMakeFiles/bhr-embedded.dir/C_/Users/oscar/.pico-sdk/sdk/1.5.1/src/rp2_common/pico_runtime/runtime.c.obj
                0x100021c0                panic
 .text._out_null
                0x100021f0        0x2 CMakeFiles/bhr-embedded.dir/C_/Users/oscar/.pico-sdk/sdk/1.5.1/src/rp2_common/pico_printf/printf.c.obj
 .text._out_fct
                0x100021f2        0xe CMakeFiles/bhr-embedded.dir/C_/Users/oscar/.pico-sdk/sdk/1.5.1/src/rp2_common/pico_printf/printf.c.obj
 .text._atoi    0x10002200       0x24 CMakeFiles/bhr-embedded.dir/C_/Users/oscar/.pico-sdk/sdk/1.5.1/src/rp2_common/pico_printf/printf.c.obj
 .text._out_rev
                0x10002224       0xae CMakeFiles/bhr-embedded.dir/C_/Users/oscar/.pico-sdk/sdk/1.5.1/src/rp2_common/pico_printf/printf.c.obj
 .text._ntoa_format
                0x100022d2      0x110 CMakeFiles/bhr-embedded.dir/C_/Users/oscar/.pico-sdk/sdk/1.5.1/src/rp2_common/pico_printf/printf.c.obj
 .text._ntoa_long
                0x100023e2       0xbc CMakeFiles/bhr-embedded.dir/C_/Users/oscar/.pico-sdk/sdk/1.5.1/src/rp2_common/pico_printf/printf.c.obj
 .text._ntoa_long_long
                0x1000249e      0x10e CMakeFiles/bhr-embedded.dir/C_/Users/oscar/.pico-sdk/sdk/1.5.1/src/rp2_common/pico_printf/printf.c.obj
 .text._etoa    0x100025ac      0x420 CMakeFiles/bhr-embedded.dir/C_/Users/oscar/.pico-sdk/sdk/1.5.1/src/rp2_common/pico_printf/printf.c.obj
 .text._ftoa    0x100029cc      0x354 CMakeFiles/bhr-embedded.dir/C_/Users/oscar/.pico-sdk/sdk/1.5.1/src/rp2_common/pico_printf/printf.c.obj
 .text._vsnprintf
                0x10002d20      0x65c CMakeFiles/bhr-embedded.dir/C_/Users/oscar/.pico-sdk/sdk/1.5.1/src/rp2_common/pico_printf/printf.c.obj
 .text.vfctprintf
                0x1000337c       0x20 CMakeFiles/bhr-embedded.dir/C_/Users/oscar/.pico-sdk/sdk/1.5.1/src/rp2_common/pico_printf/printf.c.obj
                0x1000337c                vfctprintf
 .text          0x1000339c       0x10 CMakeFiles/bhr-embedded.dir/C_/Users/oscar/.pico-sdk/sdk/1.5.1/src/rp2_common/pico_bit_ops/bit_ops_aeabi.S.obj
 .text.rom_func_lookup
                0x100033ac       0x10 CMakeFiles/bhr-embedded.dir/C_/Users/oscar/.pico-sdk/sdk/1.5.1/src/rp2_common/pico_bootrom/bootrom.c.obj
                0x100033ac                rom_func_lookup
 .text.rom_data_lookup
                0x100033bc       0x10 CMakeFiles/bhr-embedded.dir/C_/Users/oscar/.pico-sdk/sdk/1.5.1/src/rp2_common/pico_bootrom/bootrom.c.obj
                0x100033bc                rom_data_lookup
 .text.rom_funcs_lookup
                0x100033cc       0x36 CMakeFiles/bhr-embedded.dir/C_/Users/oscar/.pico-sdk/sdk/1.5.1/src/rp2_common/pico_bootrom/bootrom.c.obj
                0x100033cc                rom_funcs_lookup
 *fill*         0x10003402        0x2 
 .text.__wrap___aeabi_idiv
                0x10003404       0x50 CMakeFiles/bhr-embedded.dir/C_/Users/oscar/.pico-sdk/sdk/1.5.1/src/rp2_common/pico_divider/divider.S.obj
                0x10003404                __wrap___aeabi_idivmod
                0x10003404                divmod_s32s32
                0x10003404                div_s32s32
                0x10003404                __wrap___aeabi_idiv
                0x1000340c                divmod_s32s32_unsafe
                0x10003438                divmod_s32s32_savestate
 .text.__wrap___aeabi_uidiv
                0x10003454       0x4c CMakeFiles/bhr-embedded.dir/C_/Users/oscar/.pico-sdk/sdk/1.5.1/src/rp2_common/pico_divider/divider.S.obj
                0x10003454                __wrap___aeabi_uidiv
                0x10003454                __wrap___aeabi_uidivmod
                0x10003454                div_u32u32
                0x10003454                divmod_u32u32
                0x1000345c                divmod_u32u32_unsafe
                0x10003484                divmod_u32u32_savestate
 .text.__wrap___aeabi_ldiv
                0x100034a0      0x424 CMakeFiles/bhr-embedded.dir/C_/Users/oscar/.pico-sdk/sdk/1.5.1/src/rp2_common/pico_divider/divider.S.obj
                0x100034a0                div_s64s64
                0x100034a0                divmod_s64s64
                0x100034a0                __wrap___aeabi_ldivmod
                0x100034d0                divmod_u64u64
                0x100034d0                div_u64u64
                0x100034d0                __wrap___aeabi_uldivmod
                0x100034e0                divmod_u64u64_savestate
                0x10003500                divmod_s64s64_unsafe
                0x10003588                divmod_u64u64_unsafe
 .text.__wrap___aeabi_darithmetic
                0x100038c4       0x80 CMakeFiles/bhr-embedded.dir/C_/Users/oscar/.pico-sdk/sdk/1.5.1/src/rp2_common/pico_double/double_aeabi.S.obj
                0x100038c4                __wrap___aeabi_drsub
                0x100038ca                __wrap___aeabi_dsub
                0x100038dc                __wrap___aeabi_dadd
                0x100038ee                __wrap___aeabi_ddiv
                0x1000392a                __wrap___aeabi_dmul
 .text.__wrap___aeabi_cdcmple
                0x10003944       0x6c CMakeFiles/bhr-embedded.dir/C_/Users/oscar/.pico-sdk/sdk/1.5.1/src/rp2_common/pico_double/double_aeabi.S.obj
                0x10003944                __wrap___aeabi_cdrcmple
                0x10003954                __wrap___aeabi_cdcmpeq
                0x10003954                __wrap___aeabi_cdcmple
 .text.__wrap___aeabi_dcmplt
                0x100039b0        0xc CMakeFiles/bhr-embedded.dir/C_/Users/oscar/.pico-sdk/sdk/1.5.1/src/rp2_common/pico_double/double_aeabi.S.obj
                0x100039b0                __wrap___aeabi_dcmplt
 .text.__wrap___aeabi_dcmple
                0x100039bc       0x10 CMakeFiles/bhr-embedded.dir/C_/Users/oscar/.pico-sdk/sdk/1.5.1/src/rp2_common/pico_double/double_aeabi.S.obj
                0x100039bc                __wrap___aeabi_dcmple
 .text.__wrap___aeabi_dcmpge
                0x100039cc       0x10 CMakeFiles/bhr-embedded.dir/C_/Users/oscar/.pico-sdk/sdk/1.5.1/src/rp2_common/pico_double/double_aeabi.S.obj
                0x100039cc                __wrap___aeabi_dcmpge
 .text.__wrap___aeabi_dcmpgt
                0x100039dc        0xa CMakeFiles/bhr-embedded.dir/C_/Users/oscar/.pico-sdk/sdk/1.5.1/src/rp2_common/pico_double/double_aeabi.S.obj
                0x100039dc                __wrap___aeabi_dcmpgt
 .text.__wrap___aeabi_dcmpun
                0x100039e6       0x1c CMakeFiles/bhr-embedded.dir/C_/Users/oscar/.pico-sdk/sdk/1.5.1/src/rp2_common/pico_double/double_aeabi.S.obj
                0x100039e6                __wrap___aeabi_dcmpun
 *fill*         0x10003a02        0x2 
 .text.__wrap___aeabi_i2d
                0x10003a04       0x38 CMakeFiles/bhr-embedded.dir/C_/Users/oscar/.pico-sdk/sdk/1.5.1/src/rp2_common/pico_double/double_aeabi.S.obj
                0x10003a04                __wrap___aeabi_ui2d
                0x10003a0c                __wrap___aeabi_i2d
 .text.__wrap___aeabi_d2iz
                0x10003a3c       0x48 CMakeFiles/bhr-embedded.dir/C_/Users/oscar/.pico-sdk/sdk/1.5.1/src/rp2_common/pico_double/double_aeabi.S.obj
                0x10003a3c                double2int_z
                0x10003a3c                __wrap___aeabi_d2iz
 .text.__wrap___aeabi_d2uiz
                0x10003a84       0x18 CMakeFiles/bhr-embedded.dir/C_/Users/oscar/.pico-sdk/sdk/1.5.1/src/rp2_common/pico_double/double_aeabi.S.obj
                0x10003a84                __wrap___aeabi_d2uiz
                0x10003a84                double2uint
 .text.__aeabi_double_init
                0x10003a9c       0xcc CMakeFiles/bhr-embedded.dir/C_/Users/oscar/.pico-sdk/sdk/1.5.1/src/rp2_common/pico_double/double_init_rom.c.obj
                0x10003a9c                __aeabi_double_init
 .text.double_table_shim_on_use_helper
                0x10003b68       0x34 CMakeFiles/bhr-embedded.dir/C_/Users/oscar/.pico-sdk/sdk/1.5.1/src/rp2_common/pico_double/double_v1_rom_shim.S.obj
                0x10003b68                double_table_shim_on_use_helper
 .text.__wrap___aeabi_dsub
                0x10003b9c       0x10 CMakeFiles/bhr-embedded.dir/C_/Users/oscar/.pico-sdk/sdk/1.5.1/src/rp2_common/pico_double/double_v1_rom_shim.S.obj
                0x10003b9c                drsub_shim
                0x10003ba2                dsub_shim
 .text.dadd_shim
                0x10003bac      0x15c CMakeFiles/bhr-embedded.dir/C_/Users/oscar/.pico-sdk/sdk/1.5.1/src/rp2_common/pico_double/double_v1_rom_shim.S.obj
                0x10003bac                dadd_shim
 .text.dmul_shim
                0x10003d08      0x15c CMakeFiles/bhr-embedded.dir/C_/Users/oscar/.pico-sdk/sdk/1.5.1/src/rp2_common/pico_double/double_v1_rom_shim.S.obj
                0x10003d08                dmul_shim
 .text.ddiv_shim
                0x10003e64      0x1b0 CMakeFiles/bhr-embedded.dir/C_/Users/oscar/.pico-sdk/sdk/1.5.1/src/rp2_common/pico_double/double_v1_rom_shim.S.obj
                0x10003e64                ddiv_shim
 .text.double2uint_shim
                0x10004014        0xe CMakeFiles/bhr-embedded.dir/C_/Users/oscar/.pico-sdk/sdk/1.5.1/src/rp2_common/pico_double/double_v1_rom_shim.S.obj
                0x10004014                double2uint_shim
                0x10004016                double2ufix_shim
 *fill*         0x10004022        0x2 
 .text.double2uint64_shim
                0x10004024       0x70 CMakeFiles/bhr-embedded.dir/C_/Users/oscar/.pico-sdk/sdk/1.5.1/src/rp2_common/pico_double/double_v1_rom_shim.S.obj
                0x10004024                double2uint64_shim
                0x10004026                double2ufix64_shim
                0x10004046                d2fix_a
 .text.dunpacks
                0x10004094       0x3c CMakeFiles/bhr-embedded.dir/C_/Users/oscar/.pico-sdk/sdk/1.5.1/src/rp2_common/pico_double/double_v1_rom_shim.S.obj
                0x10004094                dunpacks
 .text.__aeabi_lmul
                0x100040d0       0x32 CMakeFiles/bhr-embedded.dir/C_/Users/oscar/.pico-sdk/sdk/1.5.1/src/rp2_common/pico_int64_ops/pico_int64_ops_aeabi.S.obj
                0x100040d0                __wrap___aeabi_lmul
 *fill*         0x10004102        0x2 
 .text.__aeabi_float_init
                0x10004104       0xfc CMakeFiles/bhr-embedded.dir/C_/Users/oscar/.pico-sdk/sdk/1.5.1/src/rp2_common/pico_float/float_init_rom.c.obj
                0x10004104                __aeabi_float_init
 .text.float_table_shim_on_use_helper
                0x10004200       0x34 CMakeFiles/bhr-embedded.dir/C_/Users/oscar/.pico-sdk/sdk/1.5.1/src/rp2_common/pico_float/float_v1_rom_shim.S.obj
                0x10004200                float_table_shim_on_use_helper
 .text          0x10004234       0x10 CMakeFiles/bhr-embedded.dir/C_/Users/oscar/.pico-sdk/sdk/1.5.1/src/rp2_common/pico_mem_ops/mem_ops_aeabi.S.obj
                0x10004234                __aeabi_mem_init
 .text.memset   0x10004244        0xc CMakeFiles/bhr-embedded.dir/C_/Users/oscar/.pico-sdk/sdk/1.5.1/src/rp2_common/pico_mem_ops/mem_ops_aeabi.S.obj
                0x10004244                __wrap_memset
 .text.memcpy   0x10004250        0xc CMakeFiles/bhr-embedded.dir/C_/Users/oscar/.pico-sdk/sdk/1.5.1/src/rp2_common/pico_mem_ops/mem_ops_aeabi.S.obj
                0x10004250                __wrap_memcpy
                0x10004250                __wrap___aeabi_memcpy
 .text.stdio_out_chars_no_crlf
                0x1000425c        0xe CMakeFiles/bhr-embedded.dir/C_/Users/oscar/.pico-sdk/sdk/1.5.1/src/rp2_common/pico_stdio/stdio.c.obj
 *fill*         0x1000426a        0x2 
 .text.stdio_out_chars_crlf
                0x1000426c       0x80 CMakeFiles/bhr-embedded.dir/C_/Users/oscar/.pico-sdk/sdk/1.5.1/src/rp2_common/pico_stdio/stdio.c.obj
 .text.stdio_stack_buffer_flush
                0x100042ec       0x44 CMakeFiles/bhr-embedded.dir/C_/Users/oscar/.pico-sdk/sdk/1.5.1/src/rp2_common/pico_stdio/stdio.c.obj
 .text.stdio_buffered_printer
                0x10004330       0x20 CMakeFiles/bhr-embedded.dir/C_/Users/oscar/.pico-sdk/sdk/1.5.1/src/rp2_common/pico_stdio/stdio.c.obj
 .text.update_us_since_boot
                0x10004350       0x24 CMakeFiles/bhr-embedded.dir/C_/Users/oscar/.pico-sdk/sdk/1.5.1/src/rp2_common/pico_stdio/stdio.c.obj
 .text.get_absolute_time
                0x10004374       0x22 CMakeFiles/bhr-embedded.dir/C_/Users/oscar/.pico-sdk/sdk/1.5.1/src/rp2_common/pico_stdio/stdio.c.obj
 *fill*         0x10004396        0x2 
 .text.delayed_by_ms
                0x10004398       0x44 CMakeFiles/bhr-embedded.dir/C_/Users/oscar/.pico-sdk/sdk/1.5.1/src/rp2_common/pico_stdio/stdio.c.obj
 .text.make_timeout_time_ms
                0x100043dc       0x20 CMakeFiles/bhr-embedded.dir/C_/Users/oscar/.pico-sdk/sdk/1.5.1/src/rp2_common/pico_stdio/stdio.c.obj
 .text.stdout_serialize_begin
                0x100043fc       0x20 CMakeFiles/bhr-embedded.dir/C_/Users/oscar/.pico-sdk/sdk/1.5.1/src/rp2_common/pico_stdio/stdio.c.obj
                0x100043fc                stdout_serialize_begin
 .text.stdout_serialize_end
                0x1000441c       0x10 CMakeFiles/bhr-embedded.dir/C_/Users/oscar/.pico-sdk/sdk/1.5.1/src/rp2_common/pico_stdio/stdio.c.obj
                0x1000441c                stdout_serialize_end
 .text.stdio_put_string
                0x1000442c       0x98 CMakeFiles/bhr-embedded.dir/C_/Users/oscar/.pico-sdk/sdk/1.5.1/src/rp2_common/pico_stdio/stdio.c.obj
 .text.stdio_set_driver_enabled
                0x100044c4       0x2c CMakeFiles/bhr-embedded.dir/C_/Users/oscar/.pico-sdk/sdk/1.5.1/src/rp2_common/pico_stdio/stdio.c.obj
                0x100044c4                stdio_set_driver_enabled
 .text.stdio_flush
                0x100044f0       0x20 CMakeFiles/bhr-embedded.dir/C_/Users/oscar/.pico-sdk/sdk/1.5.1/src/rp2_common/pico_stdio/stdio.c.obj
                0x100044f0                stdio_flush
 .text.__wrap_puts
                0x10004510       0x1e CMakeFiles/bhr-embedded.dir/C_/Users/oscar/.pico-sdk/sdk/1.5.1/src/rp2_common/pico_stdio/stdio.c.obj
                0x10004510                __wrap_puts
 *fill*         0x1000452e        0x2 
 .text.__wrap_vprintf
                0x10004530       0x40 CMakeFiles/bhr-embedded.dir/C_/Users/oscar/.pico-sdk/sdk/1.5.1/src/rp2_common/pico_stdio/stdio.c.obj
                0x10004530                __wrap_vprintf
 .text.__wrap_printf
                0x10004570       0x18 CMakeFiles/bhr-embedded.dir/C_/Users/oscar/.pico-sdk/sdk/1.5.1/src/rp2_common/pico_stdio/stdio.c.obj
                0x10004570                __wrap_printf
 .text.stdio_init_all
                0x10004588        0xa CMakeFiles/bhr-embedded.dir/C_/Users/oscar/.pico-sdk/sdk/1.5.1/src/rp2_common/pico_stdio/stdio.c.obj
                0x10004588                stdio_init_all
 *fill*         0x10004592        0x2 
 .text.uart_putc
                0x10004594       0x60 CMakeFiles/bhr-embedded.dir/C_/Users/oscar/.pico-sdk/sdk/1.5.1/src/rp2_common/pico_stdio_uart/stdio_uart.c.obj
 .text.uart_getc
                0x100045f4       0x24 CMakeFiles/bhr-embedded.dir/C_/Users/oscar/.pico-sdk/sdk/1.5.1/src/rp2_common/pico_stdio_uart/stdio_uart.c.obj
 .text.stdio_uart_out_chars
                0x10004618       0x20 CMakeFiles/bhr-embedded.dir/C_/Users/oscar/.pico-sdk/sdk/1.5.1/src/rp2_common/pico_stdio_uart/stdio_uart.c.obj
 .text.stdio_uart_in_chars
                0x10004638       0x5c CMakeFiles/bhr-embedded.dir/C_/Users/oscar/.pico-sdk/sdk/1.5.1/src/rp2_common/pico_stdio_uart/stdio_uart.c.obj
                0x10004638                stdio_uart_in_chars
 .text.on_uart_rx
                0x10004694       0x28 CMakeFiles/bhr-embedded.dir/C_/Users/oscar/.pico-sdk/sdk/1.5.1/src/rp2_common/pico_stdio_uart/stdio_uart.c.obj
 .text.stdio_uart_set_chars_available_callback
                0x100046bc       0x8c CMakeFiles/bhr-embedded.dir/C_/Users/oscar/.pico-sdk/sdk/1.5.1/src/rp2_common/pico_stdio_uart/stdio_uart.c.obj
 .text.stdio_uart_init_full
                0x10004748       0x44 CMakeFiles/bhr-embedded.dir/C_/Users/oscar/.pico-sdk/sdk/1.5.1/src/rp2_common/pico_stdio_uart/stdio_uart.c.obj
                0x10004748                stdio_uart_init_full
 .text.stdio_uart_init
                0x1000478c       0x28 CMakeFiles/bhr-embedded.dir/C_/Users/oscar/.pico-sdk/sdk/1.5.1/src/rp2_common/pico_stdio_uart/stdio_uart.c.obj
                0x1000478c                stdio_uart_init
 .text.spi_set_baudrate
                0x100047b4       0xc2 CMakeFiles/bhr-embedded.dir/C_/Users/oscar/.pico-sdk/sdk/1.5.1/src/rp2_common/hardware_spi/spi.c.obj
                0x100047b4                spi_set_baudrate
 *fill*         0x10004876        0x2 
 .text.spi_init
                0x10004878       0x74 CMakeFiles/bhr-embedded.dir/C_/Users/oscar/.pico-sdk/sdk/1.5.1/src/rp2_common/hardware_spi/spi.c.obj
                0x10004878                spi_init
 .text.i2c_set_baudrate
                0x100048ec       0xf0 CMakeFiles/bhr-embedded.dir/C_/Users/oscar/.pico-sdk/sdk/1.5.1/src/rp2_common/hardware_i2c/i2c.c.obj
                0x100048ec                i2c_set_baudrate
 .text.i2c_init
                0x100049dc       0x58 CMakeFiles/bhr-embedded.dir/C_/Users/oscar/.pico-sdk/sdk/1.5.1/src/rp2_common/hardware_i2c/i2c.c.obj
                0x100049dc                i2c_init
 .text.pio_get_default_sm_config
                0x10004a34       0x28 CMakeFiles/bhr-embedded.dir/C_/Users/oscar/.pico-sdk/sdk/1.5.1/src/rp2_common/hardware_pio/pio.c.obj
 .text._pio_can_add_program_at_offset
                0x10004a5c       0x3c CMakeFiles/bhr-embedded.dir/C_/Users/oscar/.pico-sdk/sdk/1.5.1/src/rp2_common/hardware_pio/pio.c.obj
 .text._pio_find_offset_for_program
                0x10004a98       0x7c CMakeFiles/bhr-embedded.dir/C_/Users/oscar/.pico-sdk/sdk/1.5.1/src/rp2_common/hardware_pio/pio.c.obj
 .text._pio_add_program_at_offset
                0x10004b14       0x7c CMakeFiles/bhr-embedded.dir/C_/Users/oscar/.pico-sdk/sdk/1.5.1/src/rp2_common/hardware_pio/pio.c.obj
 .text.pio_add_program
                0x10004b90       0x38 CMakeFiles/bhr-embedded.dir/C_/Users/oscar/.pico-sdk/sdk/1.5.1/src/rp2_common/hardware_pio/pio.c.obj
                0x10004b90                pio_add_program
 .text.pio_sm_set_consecutive_pindirs
                0x10004bc8       0xa4 CMakeFiles/bhr-embedded.dir/C_/Users/oscar/.pico-sdk/sdk/1.5.1/src/rp2_common/hardware_pio/pio.c.obj
                0x10004bc8                pio_sm_set_consecutive_pindirs
 .text.pio_sm_init
                0x10004c6c       0xb0 CMakeFiles/bhr-embedded.dir/C_/Users/oscar/.pico-sdk/sdk/1.5.1/src/rp2_common/hardware_pio/pio.c.obj
                0x10004c6c                pio_sm_init
 .text.strlen   0x10004d1c       0x5c c:/progra~2/armgnu~1/125863~1.3re/bin/../lib/gcc/arm-none-eabi/12.3.1/thumb/v6-m/nofp\libg.a(libc_a-strlen-stub.o)
                0x10004d1c                strlen
 *(.fini)
 .fini          0x10004d78        0x4 c:/progra~2/armgnu~1/125863~1.3re/bin/../lib/gcc/arm-none-eabi/12.3.1/thumb/v6-m/nofp/crti.o
                0x10004d78                _fini
 *fill*         0x10004d7c        0x4 
 .fini.__stub   0x10004d80       0x40 linker stubs
 *crtbegin.o(.ctors)
 *crtbegin?.o(.ctors)
 *(EXCLUDE_FILE(*crtend.o *crtend?.o) .ctors)
 *(SORT_BY_NAME(.ctors.*))
 *(.ctors)
 *crtbegin.o(.dtors)
 *crtbegin?.o(.dtors)
 *(EXCLUDE_FILE(*crtend.o *crtend?.o) .dtors)
 *(SORT_BY_NAME(.dtors.*))
 *(.dtors)
 *(.eh_frame*)
 .eh_frame      0x10004dc0        0x0 c:/progra~2/armgnu~1/125863~1.3re/bin/../lib/gcc/arm-none-eabi/12.3.1/thumb/v6-m/nofp/crtbegin.o
                0x10004dc0                        . = ALIGN (0x4)

.glue_7         0x10004dc0        0x0
 .glue_7        0x10004dc0        0x0 linker stubs

.glue_7t        0x10004dc0        0x0
 .glue_7t       0x10004dc0        0x0 linker stubs

.vfp11_veneer   0x10004dc0        0x0
 .vfp11_veneer  0x10004dc0        0x0 linker stubs

.v4_bx          0x10004dc0        0x0
 .v4_bx         0x10004dc0        0x0 linker stubs

.iplt           0x10004dc0        0x0
 .iplt          0x10004dc0        0x0 c:/progra~2/armgnu~1/125863~1.3re/bin/../lib/gcc/arm-none-eabi/12.3.1/thumb/v6-m/nofp/crtbegin.o

.rodata         0x10004dc0     0x10b0
 *(EXCLUDE_FILE(*libm.a: *libc.a:*lib_a-mem*.o *libgcc.a:) .rodata*)
 .rodata._ZL20update_us_since_bootP15absolute_time_ty.str1.4
                0x10004dc0       0xa1 CMakeFiles/bhr-embedded.dir/bhr-embedded.cpp.obj
 *fill*         0x10004e61        0x3 
 .rodata._Z17blink_pin_foreverP8pio_hw_tjjjj.str1.4
                0x10004e64       0x1a CMakeFiles/bhr-embedded.dir/bhr-embedded.cpp.obj
 *fill*         0x10004e7e        0x2 
 .rodata.main.str1.4
                0x10004e80       0x82 CMakeFiles/bhr-embedded.dir/bhr-embedded.cpp.obj
 *fill*         0x10004f02        0x2 
 .rodata._ZL13blink_program
                0x10004f04        0x6 CMakeFiles/bhr-embedded.dir/bhr-embedded.cpp.obj
 *fill*         0x10004f0a        0x2 
 .rodata._ZL26blink_program_instructions
                0x10004f0c       0x10 CMakeFiles/bhr-embedded.dir/bhr-embedded.cpp.obj
 .rodata.resolve_branch.str1.4
                0x10004f1c       0x5d CMakeFiles/bhr-embedded.dir/C_/Users/oscar/.pico-sdk/sdk/1.5.1/src/rp2_common/hardware_irq/irq.c.obj
 *fill*         0x10004f79        0x3 
 .rodata.make_branch.str1.4
                0x10004f7c       0x30 CMakeFiles/bhr-embedded.dir/C_/Users/oscar/.pico-sdk/sdk/1.5.1/src/rp2_common/hardware_irq/irq.c.obj
 .rodata.insert_branch_and_link.str1.4
                0x10004fac       0x10 CMakeFiles/bhr-embedded.dir/C_/Users/oscar/.pico-sdk/sdk/1.5.1/src/rp2_common/hardware_irq/irq.c.obj
 .rodata.irq_set_exclusive_handler.str1.4
                0x10004fbc       0x36 CMakeFiles/bhr-embedded.dir/C_/Users/oscar/.pico-sdk/sdk/1.5.1/src/rp2_common/hardware_irq/irq.c.obj
 *fill*         0x10004ff2        0x2 
 .rodata.irq_remove_handler.str1.4
                0x10004ff4       0x3a CMakeFiles/bhr-embedded.dir/C_/Users/oscar/.pico-sdk/sdk/1.5.1/src/rp2_common/hardware_irq/irq.c.obj
 *fill*         0x1000502e        0x2 
 .rodata.irq_add_tail_to_free_list.str1.4
                0x10005030       0x3a CMakeFiles/bhr-embedded.dir/C_/Users/oscar/.pico-sdk/sdk/1.5.1/src/rp2_common/hardware_irq/irq.c.obj
 *fill*         0x1000506a        0x2 
 .rodata.__func__.0
                0x1000506c       0x1a CMakeFiles/bhr-embedded.dir/C_/Users/oscar/.pico-sdk/sdk/1.5.1/src/rp2_common/hardware_irq/irq.c.obj
 *fill*         0x10005086        0x2 
 .rodata.__func__.1
                0x10005088       0x17 CMakeFiles/bhr-embedded.dir/C_/Users/oscar/.pico-sdk/sdk/1.5.1/src/rp2_common/hardware_irq/irq.c.obj
 *fill*         0x1000509f        0x1 
 .rodata.__func__.2
                0x100050a0       0x13 CMakeFiles/bhr-embedded.dir/C_/Users/oscar/.pico-sdk/sdk/1.5.1/src/rp2_common/hardware_irq/irq.c.obj
 *fill*         0x100050b3        0x1 
 .rodata.__func__.3
                0x100050b4        0xc CMakeFiles/bhr-embedded.dir/C_/Users/oscar/.pico-sdk/sdk/1.5.1/src/rp2_common/hardware_irq/irq.c.obj
 .rodata.__func__.4
                0x100050c0        0xf CMakeFiles/bhr-embedded.dir/C_/Users/oscar/.pico-sdk/sdk/1.5.1/src/rp2_common/hardware_irq/irq.c.obj
 *fill*         0x100050cf        0x1 
 .rodata.__func__.6
                0x100050d0       0x1a CMakeFiles/bhr-embedded.dir/C_/Users/oscar/.pico-sdk/sdk/1.5.1/src/rp2_common/hardware_irq/irq.c.obj
 *fill*         0x100050ea        0x2 
 .rodata.str1.4
                0x100050ec       0x91 CMakeFiles/bhr-embedded.dir/C_/Users/oscar/.pico-sdk/sdk/1.5.1/src/common/pico_sync/mutex.c.obj
 *fill*         0x1000517d        0x3 
 .rodata.__func__.1
                0x10005180        0xb CMakeFiles/bhr-embedded.dir/C_/Users/oscar/.pico-sdk/sdk/1.5.1/src/common/pico_sync/mutex.c.obj
 *fill*         0x1000518b        0x1 
 .rodata.__func__.3
                0x1000518c       0x18 CMakeFiles/bhr-embedded.dir/C_/Users/oscar/.pico-sdk/sdk/1.5.1/src/common/pico_sync/mutex.c.obj
 .rodata.get_entry.str1.4
                0x100051a4       0x63 CMakeFiles/bhr-embedded.dir/C_/Users/oscar/.pico-sdk/sdk/1.5.1/src/common/pico_time/time.c.obj
 .rodata.update_us_since_boot.str1.4
                0x10005207       0x69 CMakeFiles/bhr-embedded.dir/C_/Users/oscar/.pico-sdk/sdk/1.5.1/src/common/pico_time/time.c.obj
 *fill*         0x10005207        0x1 
 .rodata.ph_get_node.str1.4
                0x10005208       0x6e CMakeFiles/bhr-embedded.dir/C_/Users/oscar/.pico-sdk/sdk/1.5.1/src/common/pico_time/time.c.obj
 *fill*         0x10005276        0x2 
 .rodata.ph_add_child_node.str1.4
                0x10005278       0x2e CMakeFiles/bhr-embedded.dir/C_/Users/oscar/.pico-sdk/sdk/1.5.1/src/common/pico_time/time.c.obj
 *fill*         0x100052a6        0x2 
 .rodata.ph_insert_node.str1.4
                0x100052a8        0x3 CMakeFiles/bhr-embedded.dir/C_/Users/oscar/.pico-sdk/sdk/1.5.1/src/common/pico_time/time.c.obj
 *fill*         0x100052ab        0x1 
 .rodata.ph_free_node.str1.4
                0x100052ac       0x38 CMakeFiles/bhr-embedded.dir/C_/Users/oscar/.pico-sdk/sdk/1.5.1/src/common/pico_time/time.c.obj
 .rodata.add_alarm_under_lock.str1.4
                0x100052e4       0x28 CMakeFiles/bhr-embedded.dir/C_/Users/oscar/.pico-sdk/sdk/1.5.1/src/common/pico_time/time.c.obj
 .rodata.alarm_pool_alarm_callback.str1.4
                0x1000530c       0x60 CMakeFiles/bhr-embedded.dir/C_/Users/oscar/.pico-sdk/sdk/1.5.1/src/common/pico_time/time.c.obj
 .rodata.alarm_pool_get_default.str1.4
                0x1000536c       0x21 CMakeFiles/bhr-embedded.dir/C_/Users/oscar/.pico-sdk/sdk/1.5.1/src/common/pico_time/time.c.obj
 *fill*         0x1000538d        0x3 
 .rodata.alarm_pool_cancel_alarm.str1.4
                0x10005390       0x27 CMakeFiles/bhr-embedded.dir/C_/Users/oscar/.pico-sdk/sdk/1.5.1/src/common/pico_time/time.c.obj
 *fill*         0x100053b7        0x1 
 .rodata.sleep_until.str1.4
                0x100053b8       0x4d CMakeFiles/bhr-embedded.dir/C_/Users/oscar/.pico-sdk/sdk/1.5.1/src/common/pico_time/time.c.obj
 *fill*         0x10005405        0x3 
 .rodata.__func__.1
                0x10005408       0x18 CMakeFiles/bhr-embedded.dir/C_/Users/oscar/.pico-sdk/sdk/1.5.1/src/common/pico_time/time.c.obj
 .rodata.__func__.3
                0x10005420       0x17 CMakeFiles/bhr-embedded.dir/C_/Users/oscar/.pico-sdk/sdk/1.5.1/src/common/pico_time/time.c.obj
 *fill*         0x10005437        0x1 
 .rodata.__func__.4
                0x10005438       0x12 CMakeFiles/bhr-embedded.dir/C_/Users/oscar/.pico-sdk/sdk/1.5.1/src/common/pico_time/time.c.obj
 *fill*         0x1000544a        0x2 
 .rodata.__func__.5
                0x1000544c        0xd CMakeFiles/bhr-embedded.dir/C_/Users/oscar/.pico-sdk/sdk/1.5.1/src/common/pico_time/time.c.obj
 *fill*         0x10005459        0x3 
 .rodata.__func__.6
                0x1000545c       0x12 CMakeFiles/bhr-embedded.dir/C_/Users/oscar/.pico-sdk/sdk/1.5.1/src/common/pico_time/time.c.obj
 *fill*         0x1000546e        0x2 
 .rodata.__func__.7
                0x10005470        0xf CMakeFiles/bhr-embedded.dir/C_/Users/oscar/.pico-sdk/sdk/1.5.1/src/common/pico_time/time.c.obj
 *fill*         0x1000547f        0x1 
 .rodata.__func__.8
                0x10005480        0xc CMakeFiles/bhr-embedded.dir/C_/Users/oscar/.pico-sdk/sdk/1.5.1/src/common/pico_time/time.c.obj
 .rodata.__func__.9
                0x1000548c       0x15 CMakeFiles/bhr-embedded.dir/C_/Users/oscar/.pico-sdk/sdk/1.5.1/src/common/pico_time/time.c.obj
 *fill*         0x100054a1        0x3 
 .rodata.__func__.10
                0x100054a4       0x15 CMakeFiles/bhr-embedded.dir/C_/Users/oscar/.pico-sdk/sdk/1.5.1/src/common/pico_time/time.c.obj
 *fill*         0x100054b9        0x3 
 .rodata.__func__.11
                0x100054bc       0x1a CMakeFiles/bhr-embedded.dir/C_/Users/oscar/.pico-sdk/sdk/1.5.1/src/common/pico_time/time.c.obj
 *fill*         0x100054d6        0x2 
 .rodata.__func__.12
                0x100054d8        0xa CMakeFiles/bhr-embedded.dir/C_/Users/oscar/.pico-sdk/sdk/1.5.1/src/common/pico_time/time.c.obj
 .rodata.update_us_since_boot.str1.4
                0x100054e2       0x69 CMakeFiles/bhr-embedded.dir/C_/Users/oscar/.pico-sdk/sdk/1.5.1/src/rp2_common/hardware_timer/timer.c.obj
 *fill*         0x100054e2        0x2 
 .rodata.hardware_alarm_claim.str1.4
                0x100054e4       0x22 CMakeFiles/bhr-embedded.dir/C_/Users/oscar/.pico-sdk/sdk/1.5.1/src/rp2_common/hardware_timer/timer.c.obj
 *fill*         0x10005506        0x2 
 .rodata.hardware_alarm_set_target.str1.4
                0x10005508       0x6d CMakeFiles/bhr-embedded.dir/C_/Users/oscar/.pico-sdk/sdk/1.5.1/src/rp2_common/hardware_timer/timer.c.obj
 *fill*         0x10005575        0x3 
 .rodata.__func__.0
                0x10005578       0x1a CMakeFiles/bhr-embedded.dir/C_/Users/oscar/.pico-sdk/sdk/1.5.1/src/rp2_common/hardware_timer/timer.c.obj
 *fill*         0x10005592        0x2 
 .rodata.__func__.1
                0x10005594       0x15 CMakeFiles/bhr-embedded.dir/C_/Users/oscar/.pico-sdk/sdk/1.5.1/src/rp2_common/hardware_timer/timer.c.obj
 .rodata.ph_get_node.str1.4
                0x100055a9       0x6e CMakeFiles/bhr-embedded.dir/C_/Users/oscar/.pico-sdk/sdk/1.5.1/src/common/pico_util/pheap.c.obj
 .rodata.ph_add_child_node.str1.4
                0x100055a9       0x2e CMakeFiles/bhr-embedded.dir/C_/Users/oscar/.pico-sdk/sdk/1.5.1/src/common/pico_util/pheap.c.obj
 *fill*         0x100055a9        0x3 
 .rodata.ph_remove_any_head.str1.4
                0x100055ac       0x94 CMakeFiles/bhr-embedded.dir/C_/Users/oscar/.pico-sdk/sdk/1.5.1/src/common/pico_util/pheap.c.obj
                                 0xa8 (size before relaxing)
 .rodata.ph_remove_and_free_node.str1.4
                0x10005640       0x1e CMakeFiles/bhr-embedded.dir/C_/Users/oscar/.pico-sdk/sdk/1.5.1/src/common/pico_util/pheap.c.obj
                                 0x26 (size before relaxing)
 *fill*         0x1000565e        0x2 
 .rodata.__func__.0
                0x10005660       0x18 CMakeFiles/bhr-embedded.dir/C_/Users/oscar/.pico-sdk/sdk/1.5.1/src/common/pico_util/pheap.c.obj
 .rodata.__func__.1
                0x10005678       0x13 CMakeFiles/bhr-embedded.dir/C_/Users/oscar/.pico-sdk/sdk/1.5.1/src/common/pico_util/pheap.c.obj
 *fill*         0x1000568b        0x1 
 .rodata.__func__.2
                0x1000568c       0x12 CMakeFiles/bhr-embedded.dir/C_/Users/oscar/.pico-sdk/sdk/1.5.1/src/common/pico_util/pheap.c.obj
 *fill*         0x1000569e        0x2 
 .rodata.__func__.3
                0x100056a0        0xc CMakeFiles/bhr-embedded.dir/C_/Users/oscar/.pico-sdk/sdk/1.5.1/src/common/pico_util/pheap.c.obj
 .rodata.clock_configure.str1.4
                0x100056ac       0x5f CMakeFiles/bhr-embedded.dir/C_/Users/oscar/.pico-sdk/sdk/1.5.1/src/rp2_common/hardware_clocks/clocks.c.obj
 *fill*         0x1000570b        0x1 
 .rodata.__func__.1
                0x1000570c       0x10 CMakeFiles/bhr-embedded.dir/C_/Users/oscar/.pico-sdk/sdk/1.5.1/src/rp2_common/hardware_clocks/clocks.c.obj
 .rodata.pll_init.str1.4
                0x1000571c      0x12c CMakeFiles/bhr-embedded.dir/C_/Users/oscar/.pico-sdk/sdk/1.5.1/src/rp2_common/hardware_pll/pll.c.obj
 .rodata.__func__.0
                0x10005848        0x9 CMakeFiles/bhr-embedded.dir/C_/Users/oscar/.pico-sdk/sdk/1.5.1/src/rp2_common/hardware_pll/pll.c.obj
 *fill*         0x10005851        0x3 
 .rodata.__assert_func.str1.4
                0x10005854       0x3f CMakeFiles/bhr-embedded.dir/C_/Users/oscar/.pico-sdk/sdk/1.5.1/src/rp2_common/pico_runtime/runtime.c.obj
                                 0x43 (size before relaxing)
 *fill*         0x10005893        0x1 
 .rodata.runtime_init.str1.4
                0x10005894       0x69 CMakeFiles/bhr-embedded.dir/C_/Users/oscar/.pico-sdk/sdk/1.5.1/src/rp2_common/pico_runtime/runtime.c.obj
 *fill*         0x100058fd        0x3 
 .rodata.panic.str1.4
                0x10005900       0x10 CMakeFiles/bhr-embedded.dir/C_/Users/oscar/.pico-sdk/sdk/1.5.1/src/rp2_common/pico_runtime/runtime.c.obj
                                 0x12 (size before relaxing)
 .rodata.__func__.2
                0x10005910        0xd CMakeFiles/bhr-embedded.dir/C_/Users/oscar/.pico-sdk/sdk/1.5.1/src/rp2_common/pico_runtime/runtime.c.obj
 *fill*         0x1000591d        0x3 
 .rodata._ftoa.str1.4
                0x10005920       0x15 CMakeFiles/bhr-embedded.dir/C_/Users/oscar/.pico-sdk/sdk/1.5.1/src/rp2_common/pico_printf/printf.c.obj
 *fill*         0x10005935        0x3 
 .rodata._vsnprintf
                0x10005938      0x19c CMakeFiles/bhr-embedded.dir/C_/Users/oscar/.pico-sdk/sdk/1.5.1/src/rp2_common/pico_printf/printf.c.obj
 *fill*         0x10005ad4        0x4 
 .rodata.pow10.0
                0x10005ad8       0x50 CMakeFiles/bhr-embedded.dir/C_/Users/oscar/.pico-sdk/sdk/1.5.1/src/rp2_common/pico_printf/printf.c.obj
 .rodata.__aeabi_double_init.str1.4
                0x10005b28       0xa4 CMakeFiles/bhr-embedded.dir/C_/Users/oscar/.pico-sdk/sdk/1.5.1/src/rp2_common/pico_double/double_init_rom.c.obj
 .rodata.__func__.0
                0x10005bcc       0x14 CMakeFiles/bhr-embedded.dir/C_/Users/oscar/.pico-sdk/sdk/1.5.1/src/rp2_common/pico_double/double_init_rom.c.obj
 .rodata.__aeabi_float_init.str1.4
                0x10005be0       0x82 CMakeFiles/bhr-embedded.dir/C_/Users/oscar/.pico-sdk/sdk/1.5.1/src/rp2_common/pico_float/float_init_rom.c.obj
                                 0x86 (size before relaxing)
 *fill*         0x10005c62        0x2 
 .rodata.__func__.0
                0x10005c64       0x13 CMakeFiles/bhr-embedded.dir/C_/Users/oscar/.pico-sdk/sdk/1.5.1/src/rp2_common/pico_float/float_init_rom.c.obj
 *fill*         0x10005c77        0x1 
 .rodata.str1.4
                0x10005c78       0x48 CMakeFiles/bhr-embedded.dir/C_/Users/oscar/.pico-sdk/sdk/1.5.1/src/rp2_common/pico_standard_link/binary_info.c.obj
 .rodata.__bi_81
                0x10005cc0        0xc CMakeFiles/bhr-embedded.dir/C_/Users/oscar/.pico-sdk/sdk/1.5.1/src/rp2_common/pico_standard_link/binary_info.c.obj
 .rodata.__bi_75
                0x10005ccc        0xc CMakeFiles/bhr-embedded.dir/C_/Users/oscar/.pico-sdk/sdk/1.5.1/src/rp2_common/pico_standard_link/binary_info.c.obj
 .rodata.__bi_56
                0x10005cd8        0xc CMakeFiles/bhr-embedded.dir/C_/Users/oscar/.pico-sdk/sdk/1.5.1/src/rp2_common/pico_standard_link/binary_info.c.obj
 .rodata.__bi_44
                0x10005ce4        0xc CMakeFiles/bhr-embedded.dir/C_/Users/oscar/.pico-sdk/sdk/1.5.1/src/rp2_common/pico_standard_link/binary_info.c.obj
 .rodata.update_us_since_boot.str1.4
                0x10005cf0       0x69 CMakeFiles/bhr-embedded.dir/C_/Users/oscar/.pico-sdk/sdk/1.5.1/src/rp2_common/pico_stdio/stdio.c.obj
 .rodata.crlf_str.2
                0x10005cf0        0x2 CMakeFiles/bhr-embedded.dir/C_/Users/oscar/.pico-sdk/sdk/1.5.1/src/rp2_common/pico_stdio/stdio.c.obj
 *fill*         0x10005cf2        0x2 
 .rodata.__func__.3
                0x10005cf4       0x15 CMakeFiles/bhr-embedded.dir/C_/Users/oscar/.pico-sdk/sdk/1.5.1/src/rp2_common/pico_stdio/stdio.c.obj
 *fill*         0x10005d09        0x3 
 .rodata.str1.4
                0x10005d0c       0x2c CMakeFiles/bhr-embedded.dir/C_/Users/oscar/.pico-sdk/sdk/1.5.1/src/rp2_common/pico_stdio_uart/stdio_uart.c.obj
 .rodata.__bi_33.4
                0x10005d38        0xc CMakeFiles/bhr-embedded.dir/C_/Users/oscar/.pico-sdk/sdk/1.5.1/src/rp2_common/pico_stdio_uart/stdio_uart.c.obj
 .rodata.__bi_34.5
                0x10005d44        0x8 CMakeFiles/bhr-embedded.dir/C_/Users/oscar/.pico-sdk/sdk/1.5.1/src/rp2_common/pico_stdio_uart/stdio_uart.c.obj
 .rodata.i2c_set_baudrate.str1.4
                0x10005d4c       0x65 CMakeFiles/bhr-embedded.dir/C_/Users/oscar/.pico-sdk/sdk/1.5.1/src/rp2_common/hardware_i2c/i2c.c.obj
 *fill*         0x10005db1        0x3 
 .rodata.__func__.0
                0x10005db4       0x11 CMakeFiles/bhr-embedded.dir/C_/Users/oscar/.pico-sdk/sdk/1.5.1/src/rp2_common/hardware_i2c/i2c.c.obj
 *fill*         0x10005dc5        0x3 
 .rodata._pio_find_offset_for_program.str1.4
                0x10005dc8       0x71 CMakeFiles/bhr-embedded.dir/C_/Users/oscar/.pico-sdk/sdk/1.5.1/src/rp2_common/hardware_pio/pio.c.obj
 *fill*         0x10005e39        0x3 
 .rodata._pio_add_program_at_offset.str1.4
                0x10005e3c       0x11 CMakeFiles/bhr-embedded.dir/C_/Users/oscar/.pico-sdk/sdk/1.5.1/src/rp2_common/hardware_pio/pio.c.obj
 *fill*         0x10005e4d        0x3 
 .rodata.__func__.1
                0x10005e50       0x1d CMakeFiles/bhr-embedded.dir/C_/Users/oscar/.pico-sdk/sdk/1.5.1/src/rp2_common/hardware_pio/pio.c.obj
                0x10005e70                        . = ALIGN (0x4)
 *fill*         0x10005e6d        0x3 
 *(SORT_BY_ALIGNMENT(SORT_BY_NAME(.flashdata*)))
                0x10005e70                        . = ALIGN (0x4)

.ARM.extab
 *(.ARM.extab* .gnu.linkonce.armextab.*)
                0x10005e70                        __exidx_start = .

.ARM.exidx
 *(.ARM.exidx* .gnu.linkonce.armexidx.*)
                0x10005e70                        __exidx_end = .
                0x10005e70                        . = ALIGN (0x4)
                0x10005e70                        __binary_info_start = .

.binary_info    0x10005e70       0x28
 *(.binary_info.keep.*)
 .binary_info.keep.__bi_ptr81
                0x10005e70        0x4 CMakeFiles/bhr-embedded.dir/C_/Users/oscar/.pico-sdk/sdk/1.5.1/src/rp2_common/pico_standard_link/binary_info.c.obj
 .binary_info.keep.__bi_ptr75
                0x10005e74        0x4 CMakeFiles/bhr-embedded.dir/C_/Users/oscar/.pico-sdk/sdk/1.5.1/src/rp2_common/pico_standard_link/binary_info.c.obj
 .binary_info.keep.__bi_ptr56
                0x10005e78        0x4 CMakeFiles/bhr-embedded.dir/C_/Users/oscar/.pico-sdk/sdk/1.5.1/src/rp2_common/pico_standard_link/binary_info.c.obj
 .binary_info.keep.__bi_ptr50
                0x10005e7c        0x4 CMakeFiles/bhr-embedded.dir/C_/Users/oscar/.pico-sdk/sdk/1.5.1/src/rp2_common/pico_standard_link/binary_info.c.obj
 .binary_info.keep.__bi_ptr44
                0x10005e80        0x4 CMakeFiles/bhr-embedded.dir/C_/Users/oscar/.pico-sdk/sdk/1.5.1/src/rp2_common/pico_standard_link/binary_info.c.obj
 .binary_info.keep.__bi_ptr38
                0x10005e84        0x4 CMakeFiles/bhr-embedded.dir/C_/Users/oscar/.pico-sdk/sdk/1.5.1/src/rp2_common/pico_standard_link/binary_info.c.obj
 .binary_info.keep.__bi_ptr30
                0x10005e88        0x4 CMakeFiles/bhr-embedded.dir/C_/Users/oscar/.pico-sdk/sdk/1.5.1/src/rp2_common/pico_standard_link/binary_info.c.obj
 .binary_info.keep.__bi_ptr22
                0x10005e8c        0x4 CMakeFiles/bhr-embedded.dir/C_/Users/oscar/.pico-sdk/sdk/1.5.1/src/rp2_common/pico_standard_link/binary_info.c.obj
 *(.binary_info.*)
 .binary_info.__bi_ptr34
                0x10005e90        0x4 CMakeFiles/bhr-embedded.dir/C_/Users/oscar/.pico-sdk/sdk/1.5.1/src/rp2_common/pico_stdio_uart/stdio_uart.c.obj
 .binary_info.__bi_ptr33
                0x10005e94        0x4 CMakeFiles/bhr-embedded.dir/C_/Users/oscar/.pico-sdk/sdk/1.5.1/src/rp2_common/pico_stdio_uart/stdio_uart.c.obj
                0x10005e98                        __binary_info_end = .

.rel.dyn        0x10005e98        0x0
 .rel.iplt      0x10005e98        0x0 c:/progra~2/armgnu~1/125863~1.3re/bin/../lib/gcc/arm-none-eabi/12.3.1/thumb/v6-m/nofp/crtbegin.o
                0x10005e98                        . = ALIGN (0x4)

.ram_vector_table
                0x20000000       0xc0
 *(.ram_vector_table)
 .ram_vector_table
                0x20000000       0xc0 CMakeFiles/bhr-embedded.dir/C_/Users/oscar/.pico-sdk/sdk/1.5.1/src/rp2_common/pico_runtime/runtime.c.obj
                0x20000000                ram_vector_table

.data           0x200000c0      0x24c load address 0x10005e98
                0x200000c0                        __data_start__ = .
 *(vtable)
 *(.time_critical*)
 .time_critical.mutex_try_enter
                0x200000c0       0x46 CMakeFiles/bhr-embedded.dir/C_/Users/oscar/.pico-sdk/sdk/1.5.1/src/common/pico_sync/mutex.c.obj
                0x200000c0                mutex_try_enter
 *fill*         0x20000106        0x2 
 .time_critical.mutex_enter_block_until
                0x20000108       0x8c CMakeFiles/bhr-embedded.dir/C_/Users/oscar/.pico-sdk/sdk/1.5.1/src/common/pico_sync/mutex.c.obj
                0x20000108                mutex_enter_block_until
 .time_critical.mutex_try_enter_block_until
                0x20000194       0x34 CMakeFiles/bhr-embedded.dir/C_/Users/oscar/.pico-sdk/sdk/1.5.1/src/common/pico_sync/mutex.c.obj
                0x20000194                mutex_try_enter_block_until
 .time_critical.mutex_exit
                0x200001c8       0x4c CMakeFiles/bhr-embedded.dir/C_/Users/oscar/.pico-sdk/sdk/1.5.1/src/common/pico_sync/mutex.c.obj
                0x200001c8                mutex_exit
 *(.text*)
 .text          0x20000214        0x4 c:/progra~2/armgnu~1/125863~1.3re/bin/../lib/gcc/arm-none-eabi/12.3.1/thumb/v6-m/nofp\libgcc.a(_dvmd_tls.o)
                0x20000214                __aeabi_idiv0
                0x20000214                __aeabi_ldiv0
 .text.__stub   0x20000218       0x20 linker stubs
                0x20000238                        . = ALIGN (0x4)
 *(.rodata*)
                0x20000238                        . = ALIGN (0x4)
 *(.data*)
 .data.striped_spin_lock_num
                0x20000238        0x1 CMakeFiles/bhr-embedded.dir/C_/Users/oscar/.pico-sdk/sdk/1.5.1/src/rp2_common/hardware_sync/sync.c.obj
 *fill*         0x20000239        0x3 
 .data          0x2000023c       0x48 CMakeFiles/bhr-embedded.dir/C_/Users/oscar/.pico-sdk/sdk/1.5.1/src/rp2_common/hardware_irq/irq_handler_chain.S.obj
                0x2000023c                irq_handler_chain_slots
                0x2000026c                irq_handler_chain_first_slot
                0x20000276                irq_handler_chain_remove_tail
 .data.default_alarm_pool
                0x20000284       0x18 CMakeFiles/bhr-embedded.dir/C_/Users/oscar/.pico-sdk/sdk/1.5.1/src/common/pico_time/time.c.obj
 .data.default_alarm_pool_heap
                0x2000029c       0x10 CMakeFiles/bhr-embedded.dir/C_/Users/oscar/.pico-sdk/sdk/1.5.1/src/common/pico_time/time.c.obj
 *fill*         0x200002ac        0x4 
 .data.aeabi_bits_funcs
                0x200002b0       0x10 CMakeFiles/bhr-embedded.dir/C_/Users/oscar/.pico-sdk/sdk/1.5.1/src/rp2_common/pico_bit_ops/bit_ops_aeabi.S.obj
                0x200002b0                aeabi_bits_funcs
                0x200002c0                aeabi_bits_funcs_end
 .data.aeabi_mem_funcs
                0x200002c0       0x10 CMakeFiles/bhr-embedded.dir/C_/Users/oscar/.pico-sdk/sdk/1.5.1/src/rp2_common/pico_mem_ops/mem_ops_aeabi.S.obj
                0x200002c0                aeabi_mem_funcs
                0x200002d0                aeabi_mem_funcs_end
 .data.stdio_uart
                0x200002d0       0x18 CMakeFiles/bhr-embedded.dir/C_/Users/oscar/.pico-sdk/sdk/1.5.1/src/rp2_common/pico_stdio_uart/stdio_uart.c.obj
                0x200002d0                stdio_uart
 .data.i2c0_inst
                0x200002e8        0x8 CMakeFiles/bhr-embedded.dir/C_/Users/oscar/.pico-sdk/sdk/1.5.1/src/rp2_common/hardware_i2c/i2c.c.obj
                0x200002e8                i2c0_inst
                0x200002f0                        . = ALIGN (0x4)
 *(.after_data.*)
                0x200002f0                        . = ALIGN (0x4)
                0x200002f0                        PROVIDE (__mutex_array_start = .)
 *(SORT_BY_NAME(.mutex_array.*))
 *(.mutex_array)
 .mutex_array   0x200002f0        0x8 CMakeFiles/bhr-embedded.dir/C_/Users/oscar/.pico-sdk/sdk/1.5.1/src/rp2_common/pico_stdio/stdio.c.obj
                0x200002f8                        PROVIDE (__mutex_array_end = .)
                0x200002f8                        . = ALIGN (0x4)
                0x200002f8                        PROVIDE (__preinit_array_start = .)
 *(SORT_BY_NAME(.preinit_array.*))
 .preinit_array.00001
                0x200002f8        0x4 CMakeFiles/bhr-embedded.dir/C_/Users/oscar/.pico-sdk/sdk/1.5.1/src/rp2_common/pico_mem_ops/mem_ops_aeabi.S.obj
 .preinit_array.00010
                0x200002fc        0x4 CMakeFiles/bhr-embedded.dir/C_/Users/oscar/.pico-sdk/sdk/1.5.1/src/rp2_common/pico_bit_ops/bit_ops_aeabi.S.obj
 .preinit_array.00020
                0x20000300        0x4 CMakeFiles/bhr-embedded.dir/C_/Users/oscar/.pico-sdk/sdk/1.5.1/src/rp2_common/pico_double/double_aeabi.S.obj
 .preinit_array.00020
                0x20000304        0x4 CMakeFiles/bhr-embedded.dir/C_/Users/oscar/.pico-sdk/sdk/1.5.1/src/rp2_common/pico_float/float_aeabi.S.obj
 *(.preinit_array)
                0x20000308                        PROVIDE (__preinit_array_end = .)
                0x20000308                        . = ALIGN (0x4)
                0x20000308                        PROVIDE (__init_array_start = .)
 *(SORT_BY_NAME(.init_array.*))
 *(.init_array)
 .init_array    0x20000308        0x4 c:/progra~2/armgnu~1/125863~1.3re/bin/../lib/gcc/arm-none-eabi/12.3.1/thumb/v6-m/nofp/crtbegin.o
                0x2000030c                        PROVIDE (__init_array_end = .)
                0x2000030c                        . = ALIGN (0x4)
                [!provide]                        PROVIDE (__fini_array_start = .)
 *(SORT_BY_NAME(.fini_array.*))
 *(.fini_array)
                [!provide]                        PROVIDE (__fini_array_end = .)
 *(.jcr)
                0x2000030c                        . = ALIGN (0x4)
                0x2000030c                        __data_end__ = .
                0x10005e98                        __etext = LOADADDR (.data)

.tm_clone_table
                0x2000030c        0x0 load address 0x100060e4
 .tm_clone_table
                0x2000030c        0x0 c:/progra~2/armgnu~1/125863~1.3re/bin/../lib/gcc/arm-none-eabi/12.3.1/thumb/v6-m/nofp/crtbegin.o
 .tm_clone_table
                0x2000030c        0x0 c:/progra~2/armgnu~1/125863~1.3re/bin/../lib/gcc/arm-none-eabi/12.3.1/thumb/v6-m/nofp/crtend.o

.igot.plt       0x2000030c        0x0 load address 0x100060e4
 .igot.plt      0x2000030c        0x0 c:/progra~2/armgnu~1/125863~1.3re/bin/../lib/gcc/arm-none-eabi/12.3.1/thumb/v6-m/nofp/crtbegin.o

.uninitialized_data
                0x2000030c        0x0 load address 0x100060e4
                0x2000030c                        . = ALIGN (0x4)
 *(.uninitialized_data*)

.scratch_x      0x20040000        0x0 load address 0x100060e4
                0x20040000                        __scratch_x_start__ = .
 *(.scratch_x.*)
                0x20040000                        . = ALIGN (0x4)
                0x20040000                        __scratch_x_end__ = .
                0x100060e4                        __scratch_x_source__ = LOADADDR (.scratch_x)

.scratch_y      0x20041000        0x0 load address 0x100060e4
                0x20041000                        __scratch_y_start__ = .
 *(.scratch_y.*)
                0x20041000                        . = ALIGN (0x4)
                0x20041000                        __scratch_y_end__ = .
                0x100060e4                        __scratch_y_source__ = LOADADDR (.scratch_y)

.bss            0x20000310      0x3e0
                0x20000310                        . = ALIGN (0x4)
                0x20000310                        __bss_start__ = .
 *(SORT_BY_ALIGNMENT(SORT_BY_NAME(.bss*)))
 .bss.default_alarm_pool_entries
                0x20000310      0x100 CMakeFiles/bhr-embedded.dir/C_/Users/oscar/.pico-sdk/sdk/1.5.1/src/common/pico_time/time.c.obj
 .bss._used_instruction_space
                0x20000410        0x8 CMakeFiles/bhr-embedded.dir/C_/Users/oscar/.pico-sdk/sdk/1.5.1/src/rp2_common/hardware_pio/pio.c.obj
 .bss.alarm_callbacks
                0x20000418       0x10 CMakeFiles/bhr-embedded.dir/C_/Users/oscar/.pico-sdk/sdk/1.5.1/src/rp2_common/hardware_timer/timer.c.obj
 .bss.chars_available_callback
                0x20000428        0x4 CMakeFiles/bhr-embedded.dir/C_/Users/oscar/.pico-sdk/sdk/1.5.1/src/rp2_common/pico_stdio_uart/stdio_uart.c.obj
 .bss.chars_available_param
                0x2000042c        0x4 CMakeFiles/bhr-embedded.dir/C_/Users/oscar/.pico-sdk/sdk/1.5.1/src/rp2_common/pico_stdio_uart/stdio_uart.c.obj
 .bss.configured_freq
                0x20000430       0x28 CMakeFiles/bhr-embedded.dir/C_/Users/oscar/.pico-sdk/sdk/1.5.1/src/rp2_common/hardware_clocks/clocks.c.obj
 .bss.default_alarm_pool_entry_ids_high
                0x20000458       0x10 CMakeFiles/bhr-embedded.dir/C_/Users/oscar/.pico-sdk/sdk/1.5.1/src/common/pico_time/time.c.obj
 .bss.default_alarm_pool_heap_nodes
                0x20000468       0x30 CMakeFiles/bhr-embedded.dir/C_/Users/oscar/.pico-sdk/sdk/1.5.1/src/common/pico_time/time.c.obj
 .bss.drivers   0x20000498        0x4 CMakeFiles/bhr-embedded.dir/C_/Users/oscar/.pico-sdk/sdk/1.5.1/src/rp2_common/pico_stdio/stdio.c.obj
 .bss.filter    0x2000049c        0x4 CMakeFiles/bhr-embedded.dir/C_/Users/oscar/.pico-sdk/sdk/1.5.1/src/rp2_common/pico_stdio/stdio.c.obj
 .bss.load_value
                0x200004a0        0x4 CMakeFiles/bhr-embedded.dir/C_/Users/oscar/.pico-sdk/sdk/1.5.1/src/rp2_common/hardware_watchdog/watchdog.c.obj
 .bss.object.0  0x200004a4       0x18 c:/progra~2/armgnu~1/125863~1.3re/bin/../lib/gcc/arm-none-eabi/12.3.1/thumb/v6-m/nofp/crtbegin.o
 .bss.pools     0x200004bc       0x10 CMakeFiles/bhr-embedded.dir/C_/Users/oscar/.pico-sdk/sdk/1.5.1/src/common/pico_time/time.c.obj
 .bss.sd_table  0x200004cc      0x100 CMakeFiles/bhr-embedded.dir/C_/Users/oscar/.pico-sdk/sdk/1.5.1/src/rp2_common/pico_double/double_init_rom.c.obj
                0x200004cc                sd_table
 .bss.sf_clz_func
                0x200005cc        0x4 CMakeFiles/bhr-embedded.dir/C_/Users/oscar/.pico-sdk/sdk/1.5.1/src/rp2_common/pico_double/double_init_rom.c.obj
                0x200005cc                sf_clz_func
 .bss.sf_table  0x200005d0      0x100 CMakeFiles/bhr-embedded.dir/C_/Users/oscar/.pico-sdk/sdk/1.5.1/src/rp2_common/pico_float/float_init_rom.c.obj
                0x200005d0                sf_table
 .bss.sleep_notifier
                0x200006d0        0x4 CMakeFiles/bhr-embedded.dir/C_/Users/oscar/.pico-sdk/sdk/1.5.1/src/common/pico_time/time.c.obj
 .bss.target_hi
                0x200006d4       0x10 CMakeFiles/bhr-embedded.dir/C_/Users/oscar/.pico-sdk/sdk/1.5.1/src/rp2_common/hardware_timer/timer.c.obj
 .bss.uart_char_to_line_feed
                0x200006e4        0x4 CMakeFiles/bhr-embedded.dir/C_/Users/oscar/.pico-sdk/sdk/1.5.1/src/rp2_common/hardware_uart/uart.c.obj
                0x200006e4                uart_char_to_line_feed
 .bss.uart_instance
                0x200006e8        0x4 CMakeFiles/bhr-embedded.dir/C_/Users/oscar/.pico-sdk/sdk/1.5.1/src/rp2_common/pico_stdio_uart/stdio_uart.c.obj
 .bss.claimed   0x200006ec        0x1 CMakeFiles/bhr-embedded.dir/C_/Users/oscar/.pico-sdk/sdk/1.5.1/src/rp2_common/hardware_timer/timer.c.obj
 .bss.irq_hander_chain_free_slot_head
                0x200006ed        0x1 CMakeFiles/bhr-embedded.dir/C_/Users/oscar/.pico-sdk/sdk/1.5.1/src/rp2_common/hardware_irq/irq.c.obj
 .bss.timer_callbacks_pending
                0x200006ee        0x1 CMakeFiles/bhr-embedded.dir/C_/Users/oscar/.pico-sdk/sdk/1.5.1/src/rp2_common/hardware_timer/timer.c.obj
 *(COMMON)
                0x200006f0                        . = ALIGN (0x4)
 *fill*         0x200006ef        0x1 
                0x200006f0                        __bss_end__ = .

.heap           0x200006f0      0x800
                0x200006f0                        __end__ = .
                0x200006f0                        end = __end__
 *(.heap*)
 .heap          0x200006f0      0x800 CMakeFiles/bhr-embedded.dir/C_/Users/oscar/.pico-sdk/sdk/1.5.1/src/rp2_common/pico_standard_link/crt0.S.obj
                0x20000ef0                        __HeapLimit = .

.stack1_dummy
 *(.stack1*)

.stack_dummy    0x20041000      0x800
 *(.stack*)
 .stack         0x20041000      0x800 CMakeFiles/bhr-embedded.dir/C_/Users/oscar/.pico-sdk/sdk/1.5.1/src/rp2_common/pico_standard_link/crt0.S.obj

.flash_end      0x100060e4        0x0
                0x100060e4                        PROVIDE (__flash_binary_end = .)
                0x20040000                        __StackLimit = (ORIGIN (RAM) + LENGTH (RAM))
                0x20041000                        __StackOneTop = (ORIGIN (SCRATCH_X) + LENGTH (SCRATCH_X))
                0x20042000                        __StackTop = (ORIGIN (SCRATCH_Y) + LENGTH (SCRATCH_Y))
                0x20041000                        __StackOneBottom = (__StackOneTop - SIZEOF (.stack1_dummy))
                0x20041800                        __StackBottom = (__StackTop - SIZEOF (.stack_dummy))
                0x20042000                        PROVIDE (__stack = __StackTop)
                0x00000001                        ASSERT ((__StackLimit >= __HeapLimit), region RAM overflowed)
                0x00000001                        ASSERT (((__binary_info_header_end - __logical_binary_start) <= 0x100), Binary info must be in first 256 bytes of the binary)
LOAD CMakeFiles/bhr-embedded.dir/bhr-embedded.cpp.obj
LOAD CMakeFiles/bhr-embedded.dir/C_/Users/oscar/.pico-sdk/sdk/1.5.1/src/rp2_common/pico_stdlib/stdlib.c.obj
LOAD CMakeFiles/bhr-embedded.dir/C_/Users/oscar/.pico-sdk/sdk/1.5.1/src/rp2_common/hardware_gpio/gpio.c.obj
LOAD CMakeFiles/bhr-embedded.dir/C_/Users/oscar/.pico-sdk/sdk/1.5.1/src/rp2_common/pico_platform/platform.c.obj
LOAD CMakeFiles/bhr-embedded.dir/C_/Users/oscar/.pico-sdk/sdk/1.5.1/src/rp2_common/hardware_claim/claim.c.obj
LOAD CMakeFiles/bhr-embedded.dir/C_/Users/oscar/.pico-sdk/sdk/1.5.1/src/rp2_common/hardware_sync/sync.c.obj
LOAD CMakeFiles/bhr-embedded.dir/C_/Users/oscar/.pico-sdk/sdk/1.5.1/src/rp2_common/hardware_irq/irq.c.obj
LOAD CMakeFiles/bhr-embedded.dir/C_/Users/oscar/.pico-sdk/sdk/1.5.1/src/rp2_common/hardware_irq/irq_handler_chain.S.obj
LOAD CMakeFiles/bhr-embedded.dir/C_/Users/oscar/.pico-sdk/sdk/1.5.1/src/common/pico_sync/sem.c.obj
LOAD CMakeFiles/bhr-embedded.dir/C_/Users/oscar/.pico-sdk/sdk/1.5.1/src/common/pico_sync/lock_core.c.obj
LOAD CMakeFiles/bhr-embedded.dir/C_/Users/oscar/.pico-sdk/sdk/1.5.1/src/common/pico_sync/mutex.c.obj
LOAD CMakeFiles/bhr-embedded.dir/C_/Users/oscar/.pico-sdk/sdk/1.5.1/src/common/pico_sync/critical_section.c.obj
LOAD CMakeFiles/bhr-embedded.dir/C_/Users/oscar/.pico-sdk/sdk/1.5.1/src/common/pico_time/time.c.obj
LOAD CMakeFiles/bhr-embedded.dir/C_/Users/oscar/.pico-sdk/sdk/1.5.1/src/common/pico_time/timeout_helper.c.obj
LOAD CMakeFiles/bhr-embedded.dir/C_/Users/oscar/.pico-sdk/sdk/1.5.1/src/rp2_common/hardware_timer/timer.c.obj
LOAD CMakeFiles/bhr-embedded.dir/C_/Users/oscar/.pico-sdk/sdk/1.5.1/src/common/pico_util/datetime.c.obj
LOAD CMakeFiles/bhr-embedded.dir/C_/Users/oscar/.pico-sdk/sdk/1.5.1/src/common/pico_util/pheap.c.obj
LOAD CMakeFiles/bhr-embedded.dir/C_/Users/oscar/.pico-sdk/sdk/1.5.1/src/common/pico_util/queue.c.obj
LOAD CMakeFiles/bhr-embedded.dir/C_/Users/oscar/.pico-sdk/sdk/1.5.1/src/rp2_common/hardware_uart/uart.c.obj
LOAD CMakeFiles/bhr-embedded.dir/C_/Users/oscar/.pico-sdk/sdk/1.5.1/src/rp2_common/hardware_clocks/clocks.c.obj
LOAD CMakeFiles/bhr-embedded.dir/C_/Users/oscar/.pico-sdk/sdk/1.5.1/src/rp2_common/hardware_pll/pll.c.obj
LOAD CMakeFiles/bhr-embedded.dir/C_/Users/oscar/.pico-sdk/sdk/1.5.1/src/rp2_common/hardware_vreg/vreg.c.obj
LOAD CMakeFiles/bhr-embedded.dir/C_/Users/oscar/.pico-sdk/sdk/1.5.1/src/rp2_common/hardware_watchdog/watchdog.c.obj
LOAD CMakeFiles/bhr-embedded.dir/C_/Users/oscar/.pico-sdk/sdk/1.5.1/src/rp2_common/hardware_xosc/xosc.c.obj
LOAD CMakeFiles/bhr-embedded.dir/C_/Users/oscar/.pico-sdk/sdk/1.5.1/src/rp2_common/hardware_divider/divider.S.obj
LOAD CMakeFiles/bhr-embedded.dir/C_/Users/oscar/.pico-sdk/sdk/1.5.1/src/rp2_common/pico_runtime/runtime.c.obj
LOAD CMakeFiles/bhr-embedded.dir/C_/Users/oscar/.pico-sdk/sdk/1.5.1/src/rp2_common/pico_printf/printf.c.obj
LOAD CMakeFiles/bhr-embedded.dir/C_/Users/oscar/.pico-sdk/sdk/1.5.1/src/rp2_common/pico_bit_ops/bit_ops_aeabi.S.obj
LOAD CMakeFiles/bhr-embedded.dir/C_/Users/oscar/.pico-sdk/sdk/1.5.1/src/rp2_common/pico_bootrom/bootrom.c.obj
LOAD CMakeFiles/bhr-embedded.dir/C_/Users/oscar/.pico-sdk/sdk/1.5.1/src/rp2_common/pico_divider/divider.S.obj
LOAD CMakeFiles/bhr-embedded.dir/C_/Users/oscar/.pico-sdk/sdk/1.5.1/src/rp2_common/pico_double/double_aeabi.S.obj
LOAD CMakeFiles/bhr-embedded.dir/C_/Users/oscar/.pico-sdk/sdk/1.5.1/src/rp2_common/pico_double/double_init_rom.c.obj
LOAD CMakeFiles/bhr-embedded.dir/C_/Users/oscar/.pico-sdk/sdk/1.5.1/src/rp2_common/pico_double/double_math.c.obj
LOAD CMakeFiles/bhr-embedded.dir/C_/Users/oscar/.pico-sdk/sdk/1.5.1/src/rp2_common/pico_double/double_v1_rom_shim.S.obj
LOAD CMakeFiles/bhr-embedded.dir/C_/Users/oscar/.pico-sdk/sdk/1.5.1/src/rp2_common/pico_int64_ops/pico_int64_ops_aeabi.S.obj
LOAD CMakeFiles/bhr-embedded.dir/C_/Users/oscar/.pico-sdk/sdk/1.5.1/src/rp2_common/pico_float/float_aeabi.S.obj
LOAD CMakeFiles/bhr-embedded.dir/C_/Users/oscar/.pico-sdk/sdk/1.5.1/src/rp2_common/pico_float/float_init_rom.c.obj
LOAD CMakeFiles/bhr-embedded.dir/C_/Users/oscar/.pico-sdk/sdk/1.5.1/src/rp2_common/pico_float/float_math.c.obj
LOAD CMakeFiles/bhr-embedded.dir/C_/Users/oscar/.pico-sdk/sdk/1.5.1/src/rp2_common/pico_float/float_v1_rom_shim.S.obj
LOAD CMakeFiles/bhr-embedded.dir/C_/Users/oscar/.pico-sdk/sdk/1.5.1/src/rp2_common/pico_malloc/pico_malloc.c.obj
LOAD CMakeFiles/bhr-embedded.dir/C_/Users/oscar/.pico-sdk/sdk/1.5.1/src/rp2_common/pico_mem_ops/mem_ops_aeabi.S.obj
LOAD CMakeFiles/bhr-embedded.dir/C_/Users/oscar/.pico-sdk/sdk/1.5.1/src/rp2_common/pico_standard_link/crt0.S.obj
LOAD CMakeFiles/bhr-embedded.dir/C_/Users/oscar/.pico-sdk/sdk/1.5.1/src/rp2_common/pico_standard_link/new_delete.cpp.obj
LOAD CMakeFiles/bhr-embedded.dir/C_/Users/oscar/.pico-sdk/sdk/1.5.1/src/rp2_common/pico_standard_link/binary_info.c.obj
LOAD CMakeFiles/bhr-embedded.dir/C_/Users/oscar/.pico-sdk/sdk/1.5.1/src/rp2_common/pico_stdio/stdio.c.obj
LOAD CMakeFiles/bhr-embedded.dir/C_/Users/oscar/.pico-sdk/sdk/1.5.1/src/rp2_common/pico_stdio_uart/stdio_uart.c.obj
LOAD CMakeFiles/bhr-embedded.dir/C_/Users/oscar/.pico-sdk/sdk/1.5.1/src/rp2_common/hardware_spi/spi.c.obj
LOAD CMakeFiles/bhr-embedded.dir/C_/Users/oscar/.pico-sdk/sdk/1.5.1/src/rp2_common/hardware_i2c/i2c.c.obj
LOAD CMakeFiles/bhr-embedded.dir/C_/Users/oscar/.pico-sdk/sdk/1.5.1/src/rp2_common/hardware_pio/pio.c.obj
LOAD C:\Users\oscar\AppData\Local\Temp\ccWzrOMi.o
LOAD c:/progra~2/armgnu~1/125863~1.3re/bin/../lib/gcc/arm-none-eabi/12.3.1/thumb/v6-m/nofp\libstdc++.a
LOAD c:/progra~2/armgnu~1/125863~1.3re/bin/../lib/gcc/arm-none-eabi/12.3.1/thumb/v6-m/nofp\libm.a
START GROUP
LOAD c:/progra~2/armgnu~1/125863~1.3re/bin/../lib/gcc/arm-none-eabi/12.3.1/thumb/v6-m/nofp\libgcc.a
LOAD c:/progra~2/armgnu~1/125863~1.3re/bin/../lib/gcc/arm-none-eabi/12.3.1/thumb/v6-m/nofp\libg.a
LOAD c:/progra~2/armgnu~1/125863~1.3re/bin/../lib/gcc/arm-none-eabi/12.3.1/thumb/v6-m/nofp\libc.a
END GROUP
START GROUP
LOAD c:/progra~2/armgnu~1/125863~1.3re/bin/../lib/gcc/arm-none-eabi/12.3.1/thumb/v6-m/nofp\libgcc.a
LOAD c:/progra~2/armgnu~1/125863~1.3re/bin/../lib/gcc/arm-none-eabi/12.3.1/thumb/v6-m/nofp\libc.a
LOAD c:/progra~2/armgnu~1/125863~1.3re/bin/../lib/gcc/arm-none-eabi/12.3.1/thumb/v6-m/nofp\libnosys.a
END GROUP
LOAD c:/progra~2/armgnu~1/125863~1.3re/bin/../lib/gcc/arm-none-eabi/12.3.1/thumb/v6-m/nofp/crtend.o
LOAD c:/progra~2/armgnu~1/125863~1.3re/bin/../lib/gcc/arm-none-eabi/12.3.1/thumb/v6-m/nofp/crtn.o
OUTPUT(bhr-embedded.elf elf32-littlearm)
LOAD linker stubs

.ARM.attributes
                0x00000000       0x28
 .ARM.attributes
                0x00000000       0x1e c:/progra~2/armgnu~1/125863~1.3re/bin/../lib/gcc/arm-none-eabi/12.3.1/thumb/v6-m/nofp/crti.o
 .ARM.attributes
                0x0000001e       0x2c c:/progra~2/armgnu~1/125863~1.3re/bin/../lib/gcc/arm-none-eabi/12.3.1/thumb/v6-m/nofp/crtbegin.o
 .ARM.attributes
                0x0000004a       0x2c CMakeFiles/bhr-embedded.dir/bhr-embedded.cpp.obj
 .ARM.attributes
                0x00000076       0x2c CMakeFiles/bhr-embedded.dir/C_/Users/oscar/.pico-sdk/sdk/1.5.1/src/rp2_common/hardware_gpio/gpio.c.obj
 .ARM.attributes
                0x000000a2       0x2c CMakeFiles/bhr-embedded.dir/C_/Users/oscar/.pico-sdk/sdk/1.5.1/src/rp2_common/pico_platform/platform.c.obj
 .ARM.attributes
                0x000000ce       0x2c CMakeFiles/bhr-embedded.dir/C_/Users/oscar/.pico-sdk/sdk/1.5.1/src/rp2_common/hardware_claim/claim.c.obj
 .ARM.attributes
                0x000000fa       0x2c CMakeFiles/bhr-embedded.dir/C_/Users/oscar/.pico-sdk/sdk/1.5.1/src/rp2_common/hardware_sync/sync.c.obj
 .ARM.attributes
                0x00000126       0x2c CMakeFiles/bhr-embedded.dir/C_/Users/oscar/.pico-sdk/sdk/1.5.1/src/rp2_common/hardware_irq/irq.c.obj
 .ARM.attributes
                0x00000152       0x22 CMakeFiles/bhr-embedded.dir/C_/Users/oscar/.pico-sdk/sdk/1.5.1/src/rp2_common/hardware_irq/irq_handler_chain.S.obj
 .ARM.attributes
                0x00000174       0x2c CMakeFiles/bhr-embedded.dir/C_/Users/oscar/.pico-sdk/sdk/1.5.1/src/common/pico_sync/lock_core.c.obj
 .ARM.attributes
                0x000001a0       0x2c CMakeFiles/bhr-embedded.dir/C_/Users/oscar/.pico-sdk/sdk/1.5.1/src/common/pico_sync/mutex.c.obj
 .ARM.attributes
                0x000001cc       0x2c CMakeFiles/bhr-embedded.dir/C_/Users/oscar/.pico-sdk/sdk/1.5.1/src/common/pico_time/time.c.obj
 .ARM.attributes
                0x000001f8       0x2c CMakeFiles/bhr-embedded.dir/C_/Users/oscar/.pico-sdk/sdk/1.5.1/src/rp2_common/hardware_timer/timer.c.obj
 .ARM.attributes
                0x00000224       0x2c CMakeFiles/bhr-embedded.dir/C_/Users/oscar/.pico-sdk/sdk/1.5.1/src/common/pico_util/pheap.c.obj
 .ARM.attributes
                0x00000250       0x2c CMakeFiles/bhr-embedded.dir/C_/Users/oscar/.pico-sdk/sdk/1.5.1/src/rp2_common/hardware_uart/uart.c.obj
 .ARM.attributes
                0x0000027c       0x2c CMakeFiles/bhr-embedded.dir/C_/Users/oscar/.pico-sdk/sdk/1.5.1/src/rp2_common/hardware_clocks/clocks.c.obj
 .ARM.attributes
                0x000002a8       0x2c CMakeFiles/bhr-embedded.dir/C_/Users/oscar/.pico-sdk/sdk/1.5.1/src/rp2_common/hardware_pll/pll.c.obj
 .ARM.attributes
                0x000002d4       0x2c CMakeFiles/bhr-embedded.dir/C_/Users/oscar/.pico-sdk/sdk/1.5.1/src/rp2_common/hardware_watchdog/watchdog.c.obj
 .ARM.attributes
                0x00000300       0x2c CMakeFiles/bhr-embedded.dir/C_/Users/oscar/.pico-sdk/sdk/1.5.1/src/rp2_common/hardware_xosc/xosc.c.obj
 .ARM.attributes
                0x0000032c       0x2c CMakeFiles/bhr-embedded.dir/C_/Users/oscar/.pico-sdk/sdk/1.5.1/src/rp2_common/pico_runtime/runtime.c.obj
 .ARM.attributes
                0x00000358       0x2c CMakeFiles/bhr-embedded.dir/C_/Users/oscar/.pico-sdk/sdk/1.5.1/src/rp2_common/pico_printf/printf.c.obj
 .ARM.attributes
                0x00000384       0x22 CMakeFiles/bhr-embedded.dir/C_/Users/oscar/.pico-sdk/sdk/1.5.1/src/rp2_common/pico_bit_ops/bit_ops_aeabi.S.obj
 .ARM.attributes
                0x000003a6       0x2c CMakeFiles/bhr-embedded.dir/C_/Users/oscar/.pico-sdk/sdk/1.5.1/src/rp2_common/pico_bootrom/bootrom.c.obj
 .ARM.attributes
                0x000003d2       0x22 CMakeFiles/bhr-embedded.dir/C_/Users/oscar/.pico-sdk/sdk/1.5.1/src/rp2_common/pico_divider/divider.S.obj
 .ARM.attributes
                0x000003f4       0x22 CMakeFiles/bhr-embedded.dir/C_/Users/oscar/.pico-sdk/sdk/1.5.1/src/rp2_common/pico_double/double_aeabi.S.obj
 .ARM.attributes
                0x00000416       0x2c CMakeFiles/bhr-embedded.dir/C_/Users/oscar/.pico-sdk/sdk/1.5.1/src/rp2_common/pico_double/double_init_rom.c.obj
 .ARM.attributes
                0x00000442       0x22 CMakeFiles/bhr-embedded.dir/C_/Users/oscar/.pico-sdk/sdk/1.5.1/src/rp2_common/pico_double/double_v1_rom_shim.S.obj
 .ARM.attributes
                0x00000464       0x22 CMakeFiles/bhr-embedded.dir/C_/Users/oscar/.pico-sdk/sdk/1.5.1/src/rp2_common/pico_int64_ops/pico_int64_ops_aeabi.S.obj
 .ARM.attributes
                0x00000486       0x22 CMakeFiles/bhr-embedded.dir/C_/Users/oscar/.pico-sdk/sdk/1.5.1/src/rp2_common/pico_float/float_aeabi.S.obj
 .ARM.attributes
                0x000004a8       0x2c CMakeFiles/bhr-embedded.dir/C_/Users/oscar/.pico-sdk/sdk/1.5.1/src/rp2_common/pico_float/float_init_rom.c.obj
 .ARM.attributes
                0x000004d4       0x22 CMakeFiles/bhr-embedded.dir/C_/Users/oscar/.pico-sdk/sdk/1.5.1/src/rp2_common/pico_float/float_v1_rom_shim.S.obj
 .ARM.attributes
                0x000004f6       0x22 CMakeFiles/bhr-embedded.dir/C_/Users/oscar/.pico-sdk/sdk/1.5.1/src/rp2_common/pico_mem_ops/mem_ops_aeabi.S.obj
 .ARM.attributes
                0x00000518       0x22 CMakeFiles/bhr-embedded.dir/C_/Users/oscar/.pico-sdk/sdk/1.5.1/src/rp2_common/pico_standard_link/crt0.S.obj
 .ARM.attributes
                0x0000053a       0x2c CMakeFiles/bhr-embedded.dir/C_/Users/oscar/.pico-sdk/sdk/1.5.1/src/rp2_common/pico_standard_link/binary_info.c.obj
 .ARM.attributes
                0x00000566       0x2c CMakeFiles/bhr-embedded.dir/C_/Users/oscar/.pico-sdk/sdk/1.5.1/src/rp2_common/pico_stdio/stdio.c.obj
 .ARM.attributes
                0x00000592       0x2c CMakeFiles/bhr-embedded.dir/C_/Users/oscar/.pico-sdk/sdk/1.5.1/src/rp2_common/pico_stdio_uart/stdio_uart.c.obj
 .ARM.attributes
                0x000005be       0x2c CMakeFiles/bhr-embedded.dir/C_/Users/oscar/.pico-sdk/sdk/1.5.1/src/rp2_common/hardware_spi/spi.c.obj
 .ARM.attributes
                0x000005ea       0x2c CMakeFiles/bhr-embedded.dir/C_/Users/oscar/.pico-sdk/sdk/1.5.1/src/rp2_common/hardware_i2c/i2c.c.obj
 .ARM.attributes
                0x00000616       0x2c CMakeFiles/bhr-embedded.dir/C_/Users/oscar/.pico-sdk/sdk/1.5.1/src/rp2_common/hardware_pio/pio.c.obj
 .ARM.attributes
                0x00000642       0x22 C:\Users\oscar\AppData\Local\Temp\ccWzrOMi.o
 .ARM.attributes
                0x00000664       0x1e c:/progra~2/armgnu~1/125863~1.3re/bin/../lib/gcc/arm-none-eabi/12.3.1/thumb/v6-m/nofp\libgcc.a(_dvmd_tls.o)
 .ARM.attributes
                0x00000682       0x2c c:/progra~2/armgnu~1/125863~1.3re/bin/../lib/gcc/arm-none-eabi/12.3.1/thumb/v6-m/nofp\libg.a(libc_a-strlen-stub.o)
 .ARM.attributes
                0x000006ae       0x2c c:/progra~2/armgnu~1/125863~1.3re/bin/../lib/gcc/arm-none-eabi/12.3.1/thumb/v6-m/nofp/crtend.o

.comment        0x00000000       0x45
 .comment       0x00000000       0x45 CMakeFiles/bhr-embedded.dir/bhr-embedded.cpp.obj
                                 0x46 (size before relaxing)
 .comment       0x00000045       0x46 CMakeFiles/bhr-embedded.dir/C_/Users/oscar/.pico-sdk/sdk/1.5.1/src/rp2_common/hardware_gpio/gpio.c.obj
 .comment       0x00000045       0x46 CMakeFiles/bhr-embedded.dir/C_/Users/oscar/.pico-sdk/sdk/1.5.1/src/rp2_common/pico_platform/platform.c.obj
 .comment       0x00000045       0x46 CMakeFiles/bhr-embedded.dir/C_/Users/oscar/.pico-sdk/sdk/1.5.1/src/rp2_common/hardware_claim/claim.c.obj
 .comment       0x00000045       0x46 CMakeFiles/bhr-embedded.dir/C_/Users/oscar/.pico-sdk/sdk/1.5.1/src/rp2_common/hardware_sync/sync.c.obj
 .comment       0x00000045       0x46 CMakeFiles/bhr-embedded.dir/C_/Users/oscar/.pico-sdk/sdk/1.5.1/src/rp2_common/hardware_irq/irq.c.obj
 .comment       0x00000045       0x46 CMakeFiles/bhr-embedded.dir/C_/Users/oscar/.pico-sdk/sdk/1.5.1/src/common/pico_sync/lock_core.c.obj
 .comment       0x00000045       0x46 CMakeFiles/bhr-embedded.dir/C_/Users/oscar/.pico-sdk/sdk/1.5.1/src/common/pico_sync/mutex.c.obj
 .comment       0x00000045       0x46 CMakeFiles/bhr-embedded.dir/C_/Users/oscar/.pico-sdk/sdk/1.5.1/src/common/pico_time/time.c.obj
 .comment       0x00000045       0x46 CMakeFiles/bhr-embedded.dir/C_/Users/oscar/.pico-sdk/sdk/1.5.1/src/rp2_common/hardware_timer/timer.c.obj
 .comment       0x00000045       0x46 CMakeFiles/bhr-embedded.dir/C_/Users/oscar/.pico-sdk/sdk/1.5.1/src/common/pico_util/pheap.c.obj
 .comment       0x00000045       0x46 CMakeFiles/bhr-embedded.dir/C_/Users/oscar/.pico-sdk/sdk/1.5.1/src/rp2_common/hardware_uart/uart.c.obj
 .comment       0x00000045       0x46 CMakeFiles/bhr-embedded.dir/C_/Users/oscar/.pico-sdk/sdk/1.5.1/src/rp2_common/hardware_clocks/clocks.c.obj
 .comment       0x00000045       0x46 CMakeFiles/bhr-embedded.dir/C_/Users/oscar/.pico-sdk/sdk/1.5.1/src/rp2_common/hardware_pll/pll.c.obj
 .comment       0x00000045       0x46 CMakeFiles/bhr-embedded.dir/C_/Users/oscar/.pico-sdk/sdk/1.5.1/src/rp2_common/hardware_watchdog/watchdog.c.obj
 .comment       0x00000045       0x46 CMakeFiles/bhr-embedded.dir/C_/Users/oscar/.pico-sdk/sdk/1.5.1/src/rp2_common/hardware_xosc/xosc.c.obj
 .comment       0x00000045       0x46 CMakeFiles/bhr-embedded.dir/C_/Users/oscar/.pico-sdk/sdk/1.5.1/src/rp2_common/pico_runtime/runtime.c.obj
 .comment       0x00000045       0x46 CMakeFiles/bhr-embedded.dir/C_/Users/oscar/.pico-sdk/sdk/1.5.1/src/rp2_common/pico_printf/printf.c.obj
 .comment       0x00000045       0x46 CMakeFiles/bhr-embedded.dir/C_/Users/oscar/.pico-sdk/sdk/1.5.1/src/rp2_common/pico_bootrom/bootrom.c.obj
 .comment       0x00000045       0x46 CMakeFiles/bhr-embedded.dir/C_/Users/oscar/.pico-sdk/sdk/1.5.1/src/rp2_common/pico_double/double_init_rom.c.obj
 .comment       0x00000045       0x46 CMakeFiles/bhr-embedded.dir/C_/Users/oscar/.pico-sdk/sdk/1.5.1/src/rp2_common/pico_float/float_init_rom.c.obj
 .comment       0x00000045       0x46 CMakeFiles/bhr-embedded.dir/C_/Users/oscar/.pico-sdk/sdk/1.5.1/src/rp2_common/pico_standard_link/binary_info.c.obj
 .comment       0x00000045       0x46 CMakeFiles/bhr-embedded.dir/C_/Users/oscar/.pico-sdk/sdk/1.5.1/src/rp2_common/pico_stdio/stdio.c.obj